Archive member included to satisfy reference by file (symbol)

/usr/lib/gcc/arm-none-eabi/9.2.1/thumb/v6-m/nofp/libgcc.a(_dvmd_tls.o)
                              CMakeFiles/blink.dir/mnt/c/Users/dongye/Desktop/pico/pico-sdk/src/rp2_common/pico_divider/divider.S.obj (__aeabi_idiv0)
/usr/lib/gcc/arm-none-eabi/9.2.1/../../../arm-none-eabi/lib/thumb/v6-m/nofp/libc.a(lib_a-atexit.o)
                              /usr/lib/gcc/arm-none-eabi/9.2.1/../../../arm-none-eabi/lib/thumb/v6-m/nofp/crt0.o (atexit)
/usr/lib/gcc/arm-none-eabi/9.2.1/../../../arm-none-eabi/lib/thumb/v6-m/nofp/libc.a(lib_a-calloc.o)
                              CMakeFiles/blink.dir/mnt/c/Users/dongye/Desktop/pico/pico-sdk/src/rp2_common/pico_malloc/pico_malloc.c.obj (calloc)
/usr/lib/gcc/arm-none-eabi/9.2.1/../../../arm-none-eabi/lib/thumb/v6-m/nofp/libc.a(lib_a-callocr.o)
                              /usr/lib/gcc/arm-none-eabi/9.2.1/../../../arm-none-eabi/lib/thumb/v6-m/nofp/libc.a(lib_a-calloc.o) (_calloc_r)
/usr/lib/gcc/arm-none-eabi/9.2.1/../../../arm-none-eabi/lib/thumb/v6-m/nofp/libc.a(lib_a-fini.o)
                              /usr/lib/gcc/arm-none-eabi/9.2.1/../../../arm-none-eabi/lib/thumb/v6-m/nofp/crt0.o (__libc_fini_array)
/usr/lib/gcc/arm-none-eabi/9.2.1/../../../arm-none-eabi/lib/thumb/v6-m/nofp/libc.a(lib_a-impure.o)
                              /usr/lib/gcc/arm-none-eabi/9.2.1/../../../arm-none-eabi/lib/thumb/v6-m/nofp/libc.a(lib_a-calloc.o) (_impure_ptr)
/usr/lib/gcc/arm-none-eabi/9.2.1/../../../arm-none-eabi/lib/thumb/v6-m/nofp/libc.a(lib_a-init.o)
                              /usr/lib/gcc/arm-none-eabi/9.2.1/../../../arm-none-eabi/lib/thumb/v6-m/nofp/crt0.o (__libc_init_array)
/usr/lib/gcc/arm-none-eabi/9.2.1/../../../arm-none-eabi/lib/thumb/v6-m/nofp/libc.a(lib_a-malloc.o)
                              CMakeFiles/blink.dir/mnt/c/Users/dongye/Desktop/pico/pico-sdk/src/rp2_common/pico_malloc/pico_malloc.c.obj (malloc)
/usr/lib/gcc/arm-none-eabi/9.2.1/../../../arm-none-eabi/lib/thumb/v6-m/nofp/libc.a(lib_a-mallocr.o)
                              /usr/lib/gcc/arm-none-eabi/9.2.1/../../../arm-none-eabi/lib/thumb/v6-m/nofp/libc.a(lib_a-callocr.o) (_malloc_r)
/usr/lib/gcc/arm-none-eabi/9.2.1/../../../arm-none-eabi/lib/thumb/v6-m/nofp/libc.a(lib_a-mlock.o)
                              /usr/lib/gcc/arm-none-eabi/9.2.1/../../../arm-none-eabi/lib/thumb/v6-m/nofp/libc.a(lib_a-mallocr.o) (__malloc_lock)
/usr/lib/gcc/arm-none-eabi/9.2.1/../../../arm-none-eabi/lib/thumb/v6-m/nofp/libc.a(lib_a-realloc.o)
                              CMakeFiles/blink.dir/mnt/c/Users/dongye/Desktop/pico/pico-sdk/src/rp2_common/pico_malloc/pico_malloc.c.obj (realloc)
/usr/lib/gcc/arm-none-eabi/9.2.1/../../../arm-none-eabi/lib/thumb/v6-m/nofp/libc.a(lib_a-reallocr.o)
                              /usr/lib/gcc/arm-none-eabi/9.2.1/../../../arm-none-eabi/lib/thumb/v6-m/nofp/libc.a(lib_a-realloc.o) (_realloc_r)
/usr/lib/gcc/arm-none-eabi/9.2.1/../../../arm-none-eabi/lib/thumb/v6-m/nofp/libc.a(lib_a-sbrkr.o)
                              /usr/lib/gcc/arm-none-eabi/9.2.1/../../../arm-none-eabi/lib/thumb/v6-m/nofp/libc.a(lib_a-mallocr.o) (_sbrk_r)
/usr/lib/gcc/arm-none-eabi/9.2.1/../../../arm-none-eabi/lib/thumb/v6-m/nofp/libc.a(lib_a-strlen-stub.o)
                              CMakeFiles/blink.dir/mnt/c/Users/dongye/Desktop/pico/pico-sdk/src/rp2_common/pico_stdio/stdio.c.obj (strlen)
/usr/lib/gcc/arm-none-eabi/9.2.1/../../../arm-none-eabi/lib/thumb/v6-m/nofp/libc.a(lib_a-__atexit.o)
                              /usr/lib/gcc/arm-none-eabi/9.2.1/../../../arm-none-eabi/lib/thumb/v6-m/nofp/libc.a(lib_a-atexit.o) (__register_exitproc)
/usr/lib/gcc/arm-none-eabi/9.2.1/../../../arm-none-eabi/lib/thumb/v6-m/nofp/libc.a(lib_a-freer.o)
                              /usr/lib/gcc/arm-none-eabi/9.2.1/../../../arm-none-eabi/lib/thumb/v6-m/nofp/libc.a(lib_a-malloc.o) (_free_r)
/usr/lib/gcc/arm-none-eabi/9.2.1/../../../arm-none-eabi/lib/thumb/v6-m/nofp/libc.a(lib_a-memmove.o)
                              /usr/lib/gcc/arm-none-eabi/9.2.1/../../../arm-none-eabi/lib/thumb/v6-m/nofp/libc.a(lib_a-reallocr.o) (memmove)
/usr/lib/gcc/arm-none-eabi/9.2.1/../../../arm-none-eabi/lib/thumb/v6-m/nofp/libc.a(lib_a-reent.o)
                              /usr/lib/gcc/arm-none-eabi/9.2.1/../../../arm-none-eabi/lib/thumb/v6-m/nofp/libc.a(lib_a-sbrkr.o) (errno)

Allocating common symbols
Common symbol       size              file

sf_table            0x100             CMakeFiles/blink.dir/mnt/c/Users/dongye/Desktop/pico/pico-sdk/src/rp2_common/pico_float/float_init_rom.c.obj
errno               0x4               /usr/lib/gcc/arm-none-eabi/9.2.1/../../../arm-none-eabi/lib/thumb/v6-m/nofp/libc.a(lib_a-reent.o)
_usbd_qdef_buf      0xc0              CMakeFiles/blink.dir/mnt/c/Users/dongye/Desktop/pico/pico-sdk/lib/tinyusb/src/device/usbd.c.obj
sd_table            0x100             CMakeFiles/blink.dir/mnt/c/Users/dongye/Desktop/pico/pico-sdk/src/rp2_common/pico_double/double_init_rom.c.obj
[...]
Memory Configuration

Name             Origin             Length             Attributes
FLASH            0x0000000010000000 0x0000000000200000 xr
RAM              0x0000000020000000 0x0000000000040000 xrw
SCRATCH_X        0x0000000020040000 0x0000000000001000 xrw
SCRATCH_Y        0x0000000020041000 0x0000000000001000 xrw
*default*        0x0000000000000000 0xffffffffffffffff

Linker script and memory map

LOAD /usr/lib/gcc/arm-none-eabi/9.2.1/thumb/v6-m/nofp/crti.o
LOAD /usr/lib/gcc/arm-none-eabi/9.2.1/thumb/v6-m/nofp/crtbegin.o
LOAD /usr/lib/gcc/arm-none-eabi/9.2.1/../../../arm-none-eabi/lib/thumb/v6-m/nofp/crt0.o

.flash_begin    0x0000000010000000        0x0
                0x0000000010000000                __flash_binary_start = .

.boot2          0x0000000010000000      0x100
                0x0000000010000000                __boot2_start__ = .
 *(.boot2)
 .boot2         0x0000000010000000      0x100 /tmp/ccr7sKcl.o
                0x0000000010000100                __boot2_end__ = .
                0x0000000000000001                ASSERT (((__boot2_end__ - __boot2_start__) == 0x100), ERROR: Pico second stage bootloader must be 256 bytes in size)

.text           0x0000000010000100     0x5220
                0x0000000010000100                __logical_binary_start = .
 *(.vectors)
 .vectors       0x0000000010000100       0xd4 CMakeFiles/blink.dir/mnt/c/Users/dongye/Desktop/pico/pico-sdk/src/rp2_common/pico_standard_link/crt0.S.obj
                0x0000000010000100                __vectors
                0x0000000010000100                __VECTOR_TABLE
                0x00000000100001c0                isr_invalid
                0x00000000100001c0                __default_isrs_start
                0x00000000100001c2                isr_nmi
                0x00000000100001c4                isr_hardfault
                0x00000000100001c6                isr_svcall
                0x00000000100001c8                isr_pendsv
                0x00000000100001ca                isr_systick
                0x00000000100001cc                isr_irq30
                0x00000000100001cc                __unhandled_user_irq
                0x00000000100001cc                isr_irq13
                0x00000000100001cc                isr_irq27
                0x00000000100001cc                isr_irq31
                0x00000000100001cc                isr_irq5
                0x00000000100001cc                isr_irq11
                0x00000000100001cc                isr_irq23
                0x00000000100001cc                isr_irq18
                0x00000000100001cc                isr_irq28
                0x00000000100001cc                isr_irq19
                0x00000000100001cc                isr_irq0
                0x00000000100001cc                isr_irq6
                0x00000000100001cc                isr_irq22
                0x00000000100001cc                isr_irq17
                0x00000000100001cc                isr_irq14
                0x00000000100001cc                isr_irq2
                0x00000000100001cc                isr_irq10
                0x00000000100001cc                isr_irq8
                0x00000000100001cc                isr_irq24
                0x00000000100001cc                isr_irq1
                0x00000000100001cc                isr_irq7
                0x00000000100001cc                isr_irq21
                0x00000000100001cc                isr_irq20
                0x00000000100001cc                isr_irq15
                0x00000000100001cc                isr_irq25
                0x00000000100001cc                isr_irq4
                0x00000000100001cc                isr_irq16
                0x00000000100001cc                isr_irq29
                0x00000000100001cc                isr_irq26
                0x00000000100001cc                __default_isrs_end
                0x00000000100001cc                isr_irq3
                0x00000000100001cc                isr_irq12
                0x00000000100001cc                isr_irq9
                0x00000000100001d2                unhandled_user_irq_num_in_r0
 *(.binary_info_header)
 .binary_info_header
                0x00000000100001d4       0x14 CMakeFiles/blink.dir/mnt/c/Users/dongye/Desktop/pico/pico-sdk/src/rp2_common/pico_standard_link/crt0.S.obj
                0x00000000100001e8                __binary_info_header_end = .
 *(.reset)
 .reset         0x00000000100001e8       0xa8 CMakeFiles/blink.dir/mnt/c/Users/dongye/Desktop/pico/pico-sdk/src/rp2_common/pico_standard_link/crt0.S.obj
                0x00000000100001e8                _entry_point
                0x0000000010000266                __get_current_exception
 .reset         0x0000000010000290       0x30 CMakeFiles/blink.dir/mnt/c/Users/dongye/Desktop/pico/pico-sdk/src/rp2_common/pico_standard_link/binary_info.c.obj
 *(.init)
 .init          0x00000000100002c0        0x4 /usr/lib/gcc/arm-none-eabi/9.2.1/thumb/v6-m/nofp/crti.o
                0x00000000100002c0                _init
 *(EXCLUDE_FILE(*libm.a: *libc.a:*lib_a-mem*.o *libgcc.a:) .text*)
 .text          0x00000000100002c4       0x98 /usr/lib/gcc/arm-none-eabi/9.2.1/thumb/v6-m/nofp/crtbegin.o
 .text.startup.main
                0x000000001000035c      0x158 CMakeFiles/blink.dir/main.c.obj
                0x000000001000035c                main
 .text.gpio_set_function
                0x00000000100004b4       0x30 CMakeFiles/blink.dir/mnt/c/Users/dongye/Desktop/pico/pico-sdk/src/rp2_common/hardware_gpio/gpio.c.obj
                0x00000000100004b4                gpio_set_function
 .text.hw_claim_lock
                0x00000000100004e4       0x18 CMakeFiles/blink.dir/mnt/c/Users/dongye/Desktop/pico/pico-sdk/src/rp2_common/hardware_claim/claim.c.obj
                0x00000000100004e4                hw_claim_lock
 .text.hw_claim_unlock
                0x00000000100004fc       0x14 CMakeFiles/blink.dir/mnt/c/Users/dongye/Desktop/pico/pico-sdk/src/rp2_common/hardware_claim/claim.c.obj
                0x00000000100004fc                hw_claim_unlock
 .text.hw_claim_or_assert
                0x0000000010000510       0x48 CMakeFiles/blink.dir/mnt/c/Users/dongye/Desktop/pico/pico-sdk/src/rp2_common/hardware_claim/claim.c.obj
                0x0000000010000510                hw_claim_or_assert
 .text.hw_claim_unused_from_range
                0x0000000010000558       0x9c CMakeFiles/blink.dir/mnt/c/Users/dongye/Desktop/pico/pico-sdk/src/rp2_common/hardware_claim/claim.c.obj
                0x0000000010000558                hw_claim_unused_from_range
 .text.running_on_fpga
                0x00000000100005f4       0x10 CMakeFiles/blink.dir/mnt/c/Users/dongye/Desktop/pico/pico-sdk/src/rp2_common/pico_platform/platform.c.obj
                0x00000000100005f4                running_on_fpga
 .text.spin_locks_reset
                0x0000000010000604       0x1c CMakeFiles/blink.dir/mnt/c/Users/dongye/Desktop/pico/pico-sdk/src/rp2_common/hardware_sync/sync.c.obj
                0x0000000010000604                spin_locks_reset
 .text.next_striped_spin_lock_num
                0x0000000010000620       0x18 CMakeFiles/blink.dir/mnt/c/Users/dongye/Desktop/pico/pico-sdk/src/rp2_common/hardware_sync/sync.c.obj
                0x0000000010000620                next_striped_spin_lock_num
 .text.spin_lock_claim_unused
                0x0000000010000638       0x20 CMakeFiles/blink.dir/mnt/c/Users/dongye/Desktop/pico/pico-sdk/src/rp2_common/hardware_sync/sync.c.obj
                0x0000000010000638                spin_lock_claim_unused
 .text.irq_set_enabled
                0x0000000010000658       0x24 CMakeFiles/blink.dir/mnt/c/Users/dongye/Desktop/pico/pico-sdk/src/rp2_common/hardware_irq/irq.c.obj
                0x0000000010000658                irq_set_enabled
 .text.irq_set_pending
                0x000000001000067c       0x10 CMakeFiles/blink.dir/mnt/c/Users/dongye/Desktop/pico/pico-sdk/src/rp2_common/hardware_irq/irq.c.obj
                0x000000001000067c                irq_set_pending
 .text.irq_has_shared_handler
                0x000000001000068c       0x2c CMakeFiles/blink.dir/mnt/c/Users/dongye/Desktop/pico/pico-sdk/src/rp2_common/hardware_irq/irq.c.obj
                0x000000001000068c                irq_has_shared_handler
 .text.irq_get_vtable_handler
                0x00000000100006b8       0x10 CMakeFiles/blink.dir/mnt/c/Users/dongye/Desktop/pico/pico-sdk/src/rp2_common/hardware_irq/irq.c.obj
                0x00000000100006b8                irq_get_vtable_handler
 .text.irq_set_exclusive_handler
                0x00000000100006c8       0x54 CMakeFiles/blink.dir/mnt/c/Users/dongye/Desktop/pico/pico-sdk/src/rp2_common/hardware_irq/irq.c.obj
                0x00000000100006c8                irq_set_exclusive_handler
 .text.irq_add_shared_handler
                0x000000001000071c      0x1c0 CMakeFiles/blink.dir/mnt/c/Users/dongye/Desktop/pico/pico-sdk/src/rp2_common/hardware_irq/irq.c.obj
                0x000000001000071c                irq_add_shared_handler
 .text.irq_remove_handler
                0x00000000100008dc      0x1b4 CMakeFiles/blink.dir/mnt/c/Users/dongye/Desktop/pico/pico-sdk/src/rp2_common/hardware_irq/irq.c.obj
                0x00000000100008dc                irq_remove_handler
 .text.irq_add_tail_to_free_list
                0x0000000010000a90       0xb8 CMakeFiles/blink.dir/mnt/c/Users/dongye/Desktop/pico/pico-sdk/src/rp2_common/hardware_irq/irq.c.obj
                0x0000000010000a90                irq_add_tail_to_free_list
 .text.irq_init_priorities
                0x0000000010000b48       0x24 CMakeFiles/blink.dir/mnt/c/Users/dongye/Desktop/pico/pico-sdk/src/rp2_common/hardware_irq/irq.c.obj
                0x0000000010000b48                irq_init_priorities
 .text.user_irq_claim_unused
                0x0000000010000b6c       0x30 CMakeFiles/blink.dir/mnt/c/Users/dongye/Desktop/pico/pico-sdk/src/rp2_common/hardware_irq/irq.c.obj
                0x0000000010000b6c                user_irq_claim_unused
 .text.lock_init
                0x0000000010000b9c       0x10 CMakeFiles/blink.dir/mnt/c/Users/dongye/Desktop/pico/pico-sdk/src/common/pico_sync/lock_core.c.obj
                0x0000000010000b9c                lock_init
 .text.timer_pool_entry_comparator
                0x0000000010000bac       0x34 CMakeFiles/blink.dir/mnt/c/Users/dongye/Desktop/pico/pico-sdk/src/common/pico_time/time.c.obj
                0x0000000010000bac                timer_pool_entry_comparator
 .text.sleep_until_callback
                0x0000000010000be0       0x30 CMakeFiles/blink.dir/mnt/c/Users/dongye/Desktop/pico/pico-sdk/src/common/pico_time/time.c.obj
 .text.alarm_pool_add_alarm_at.constprop.0
                0x0000000010000c10      0x128 CMakeFiles/blink.dir/mnt/c/Users/dongye/Desktop/pico/pico-sdk/src/common/pico_time/time.c.obj
 .text.add_alarm_under_lock
                0x0000000010000d38      0x108 CMakeFiles/blink.dir/mnt/c/Users/dongye/Desktop/pico/pico-sdk/src/common/pico_time/time.c.obj
 .text.alarm_pool_alarm_callback
                0x0000000010000e40      0x1c8 CMakeFiles/blink.dir/mnt/c/Users/dongye/Desktop/pico/pico-sdk/src/common/pico_time/time.c.obj
 .text.alarm_pool_init_default
                0x0000000010001008       0x64 CMakeFiles/blink.dir/mnt/c/Users/dongye/Desktop/pico/pico-sdk/src/common/pico_time/time.c.obj
                0x0000000010001008                alarm_pool_init_default
 .text.alarm_pool_get_default
                0x000000001000106c        0x8 CMakeFiles/blink.dir/mnt/c/Users/dongye/Desktop/pico/pico-sdk/src/common/pico_time/time.c.obj
                0x000000001000106c                alarm_pool_get_default
 .text.alarm_pool_add_alarm_at
                0x0000000010001074      0x1ac CMakeFiles/blink.dir/mnt/c/Users/dongye/Desktop/pico/pico-sdk/src/common/pico_time/time.c.obj
                0x0000000010001074                alarm_pool_add_alarm_at
 .text.sleep_until
                0x0000000010001220       0xac CMakeFiles/blink.dir/mnt/c/Users/dongye/Desktop/pico/pico-sdk/src/common/pico_time/time.c.obj
                0x0000000010001220                sleep_until
 .text.sleep_ms
                0x00000000100012cc       0x38 CMakeFiles/blink.dir/mnt/c/Users/dongye/Desktop/pico/pico-sdk/src/common/pico_time/time.c.obj
                0x00000000100012cc                sleep_ms
 .text.best_effort_wfe_or_timeout
                0x0000000010001304       0xd4 CMakeFiles/blink.dir/mnt/c/Users/dongye/Desktop/pico/pico-sdk/src/common/pico_time/time.c.obj
                0x0000000010001304                best_effort_wfe_or_timeout
 .text.hardware_alarm_irq_handler
                0x00000000100013d8       0xb8 CMakeFiles/blink.dir/mnt/c/Users/dongye/Desktop/pico/pico-sdk/src/rp2_common/hardware_timer/timer.c.obj
 .text.hardware_alarm_claim
                0x0000000010001490       0x18 CMakeFiles/blink.dir/mnt/c/Users/dongye/Desktop/pico/pico-sdk/src/rp2_common/hardware_timer/timer.c.obj
                0x0000000010001490                hardware_alarm_claim
 .text.time_us_64
                0x00000000100014a8       0x14 CMakeFiles/blink.dir/mnt/c/Users/dongye/Desktop/pico/pico-sdk/src/rp2_common/hardware_timer/timer.c.obj
                0x00000000100014a8                time_us_64
 .text.busy_wait_until
                0x00000000100014bc       0x20 CMakeFiles/blink.dir/mnt/c/Users/dongye/Desktop/pico/pico-sdk/src/rp2_common/hardware_timer/timer.c.obj
                0x00000000100014bc                busy_wait_until
 .text.hardware_alarm_set_callback
                0x00000000100014dc       0x8c CMakeFiles/blink.dir/mnt/c/Users/dongye/Desktop/pico/pico-sdk/src/rp2_common/hardware_timer/timer.c.obj
                0x00000000100014dc                hardware_alarm_set_callback
 .text.hardware_alarm_set_target
                0x0000000010001568       0xe4 CMakeFiles/blink.dir/mnt/c/Users/dongye/Desktop/pico/pico-sdk/src/rp2_common/hardware_timer/timer.c.obj
                0x0000000010001568                hardware_alarm_set_target
 .text.hardware_alarm_cancel
                0x000000001000164c       0x40 CMakeFiles/blink.dir/mnt/c/Users/dongye/Desktop/pico/pico-sdk/src/rp2_common/hardware_timer/timer.c.obj
                0x000000001000164c                hardware_alarm_cancel
 .text.ph_merge_nodes
                0x000000001000168c       0x68 CMakeFiles/blink.dir/mnt/c/Users/dongye/Desktop/pico/pico-sdk/src/common/pico_util/pheap.c.obj
 .text.ph_post_alloc_init
                0x00000000100016f4       0x3c CMakeFiles/blink.dir/mnt/c/Users/dongye/Desktop/pico/pico-sdk/src/common/pico_util/pheap.c.obj
                0x00000000100016f4                ph_post_alloc_init
 .text.ph_merge_two_pass
                0x0000000010001730       0x90 CMakeFiles/blink.dir/mnt/c/Users/dongye/Desktop/pico/pico-sdk/src/common/pico_util/pheap.c.obj
                0x0000000010001730                ph_merge_two_pass
 .text.ph_remove_any_head
                0x00000000100017c0       0xf8 CMakeFiles/blink.dir/mnt/c/Users/dongye/Desktop/pico/pico-sdk/src/common/pico_util/pheap.c.obj
 .text.ph_remove_head
                0x00000000100018b8      0x13c CMakeFiles/blink.dir/mnt/c/Users/dongye/Desktop/pico/pico-sdk/src/common/pico_util/pheap.c.obj
                0x00000000100018b8                ph_remove_head
 .text.ph_remove_and_free_node
                0x00000000100019f4       0x7c CMakeFiles/blink.dir/mnt/c/Users/dongye/Desktop/pico/pico-sdk/src/common/pico_util/pheap.c.obj
                0x00000000100019f4                ph_remove_and_free_node
 .text.mutex_init
                0x0000000010001a70       0x1c CMakeFiles/blink.dir/mnt/c/Users/dongye/Desktop/pico/pico-sdk/src/common/pico_sync/mutex.c.obj
                0x0000000010001a70                mutex_init
 .text.recursive_mutex_init
                0x0000000010001a8c       0x1c CMakeFiles/blink.dir/mnt/c/Users/dongye/Desktop/pico/pico-sdk/src/common/pico_sync/mutex.c.obj
                0x0000000010001a8c                recursive_mutex_init
 .text.critical_section_init
                0x0000000010001aa8       0x1c CMakeFiles/blink.dir/mnt/c/Users/dongye/Desktop/pico/pico-sdk/src/common/pico_sync/critical_section.c.obj
                0x0000000010001aa8                critical_section_init
 .text.runtime_init
                0x0000000010001ac4       0xf0 CMakeFiles/blink.dir/mnt/c/Users/dongye/Desktop/pico/pico-sdk/src/rp2_common/pico_runtime/runtime.c.obj
                0x0000000010001ac4                runtime_init
 .text.exit     0x0000000010001bb4        0x4 CMakeFiles/blink.dir/mnt/c/Users/dongye/Desktop/pico/pico-sdk/src/rp2_common/pico_runtime/runtime.c.obj
                0x0000000010001bb4                exit
 .text.panic    0x0000000010001bb8       0x30 CMakeFiles/blink.dir/mnt/c/Users/dongye/Desktop/pico/pico-sdk/src/rp2_common/pico_runtime/runtime.c.obj
                0x0000000010001bb8                panic
 .text.hard_assertion_failure
                0x0000000010001be8        0xc CMakeFiles/blink.dir/mnt/c/Users/dongye/Desktop/pico/pico-sdk/src/rp2_common/pico_runtime/runtime.c.obj
                0x0000000010001be8                hard_assertion_failure
 .text.clocks_init
                0x0000000010001bf4      0x2bc CMakeFiles/blink.dir/mnt/c/Users/dongye/Desktop/pico/pico-sdk/src/rp2_common/hardware_clocks/clocks.c.obj
                0x0000000010001bf4                clocks_init
 .text.clock_get_hz
                0x0000000010001eb0        0xc CMakeFiles/blink.dir/mnt/c/Users/dongye/Desktop/pico/pico-sdk/src/rp2_common/hardware_clocks/clocks.c.obj
                0x0000000010001eb0                clock_get_hz
 .text.pll_init
                0x0000000010001ebc       0xa8 CMakeFiles/blink.dir/mnt/c/Users/dongye/Desktop/pico/pico-sdk/src/rp2_common/hardware_pll/pll.c.obj
                0x0000000010001ebc                pll_init
 .text.watchdog_start_tick
                0x0000000010001f64       0x10 CMakeFiles/blink.dir/mnt/c/Users/dongye/Desktop/pico/pico-sdk/src/rp2_common/hardware_watchdog/watchdog.c.obj
                0x0000000010001f64                watchdog_start_tick
 .text.watchdog_reboot
                0x0000000010001f74       0x98 CMakeFiles/blink.dir/mnt/c/Users/dongye/Desktop/pico/pico-sdk/src/rp2_common/hardware_watchdog/watchdog.c.obj
                0x0000000010001f74                watchdog_reboot
 .text.xosc_init
                0x000000001000200c       0x28 CMakeFiles/blink.dir/mnt/c/Users/dongye/Desktop/pico/pico-sdk/src/rp2_common/hardware_xosc/xosc.c.obj
                0x000000001000200c                xosc_init
 .text._out_char
                0x0000000010002034       0x10 CMakeFiles/blink.dir/mnt/c/Users/dongye/Desktop/pico/pico-sdk/src/rp2_common/pico_printf/printf.c.obj
 .text.weak_raw_vprintf
                0x0000000010002044       0x30 CMakeFiles/blink.dir/mnt/c/Users/dongye/Desktop/pico/pico-sdk/src/rp2_common/pico_printf/printf.c.obj
                0x0000000010002044                weak_raw_vprintf
 .text          0x0000000010002074       0x10 CMakeFiles/blink.dir/mnt/c/Users/dongye/Desktop/pico/pico-sdk/src/rp2_common/pico_bit_ops/bit_ops_aeabi.S.obj
 .text.rom_func_lookup
                0x0000000010002084       0x10 CMakeFiles/blink.dir/mnt/c/Users/dongye/Desktop/pico/pico-sdk/src/rp2_common/pico_bootrom/bootrom.c.obj
                0x0000000010002084                rom_func_lookup
 .text.rom_data_lookup
                0x0000000010002094       0x10 CMakeFiles/blink.dir/mnt/c/Users/dongye/Desktop/pico/pico-sdk/src/rp2_common/pico_bootrom/bootrom.c.obj
                0x0000000010002094                rom_data_lookup
 .text.rom_funcs_lookup
                0x00000000100020a4       0x3c CMakeFiles/blink.dir/mnt/c/Users/dongye/Desktop/pico/pico-sdk/src/rp2_common/pico_bootrom/bootrom.c.obj
                0x00000000100020a4                rom_funcs_lookup
 .text.__wrap___aeabi_uidiv
                0x00000000100020e0       0x4c CMakeFiles/blink.dir/mnt/c/Users/dongye/Desktop/pico/pico-sdk/src/rp2_common/pico_divider/divider.S.obj
                0x00000000100020e0                __wrap___aeabi_uidiv
                0x00000000100020e0                __wrap___aeabi_uidivmod
                0x00000000100020e0                div_u32u32
                0x00000000100020e0                divmod_u32u32
                0x00000000100020e8                divmod_u32u32_unsafe
                0x0000000010002110                divmod_u32u32_savestate
 .text.__aeabi_double_init
                0x000000001000212c       0xc0 CMakeFiles/blink.dir/mnt/c/Users/dongye/Desktop/pico/pico-sdk/src/rp2_common/pico_double/double_init_rom.c.obj
                0x000000001000212c                __aeabi_double_init
 .text.double_table_shim_on_use_helper
                0x00000000100021ec       0x2c CMakeFiles/blink.dir/mnt/c/Users/dongye/Desktop/pico/pico-sdk/src/rp2_common/pico_double/double_v1_rom_shim.S.obj
                0x00000000100021ec                double_table_shim_on_use_helper
 .text.__aeabi_lmul
                0x0000000010002218       0x32 CMakeFiles/blink.dir/mnt/c/Users/dongye/Desktop/pico/pico-sdk/src/rp2_common/pico_int64_ops/pico_int64_ops_aeabi.S.obj
                0x0000000010002218                __wrap___aeabi_lmul
 *fill*         0x000000001000224a        0x2 
 .text.__wrap___aeabi_farithmetic
                0x000000001000224c       0x48 CMakeFiles/blink.dir/mnt/c/Users/dongye/Desktop/pico/pico-sdk/src/rp2_common/pico_float/float_aeabi.S.obj
                0x000000001000224c                __wrap___aeabi_frsub
                0x0000000010002252                __wrap___aeabi_fsub
                0x0000000010002258                __wrap___aeabi_fadd
                0x000000001000225e                __wrap___aeabi_fdiv
                0x0000000010002286                __wrap___aeabi_fmul
 .text.__wrap___aeabi_ui2f
                0x0000000010002294        0xa CMakeFiles/blink.dir/mnt/c/Users/dongye/Desktop/pico/pico-sdk/src/rp2_common/pico_float/float_aeabi.S.obj
                0x0000000010002294                __wrap___aeabi_ui2f
 *fill*         0x000000001000229e        0x2 
 .text.__wrap___aeabi_i2f
                0x00000000100022a0       0x44 CMakeFiles/blink.dir/mnt/c/Users/dongye/Desktop/pico/pico-sdk/src/rp2_common/pico_float/float_aeabi.S.obj
                0x00000000100022a0                __wrap___aeabi_i2f
 .text.__wrap___aeabi_f2uiz
                0x00000000100022e4        0xc CMakeFiles/blink.dir/mnt/c/Users/dongye/Desktop/pico/pico-sdk/src/rp2_common/pico_float/float_aeabi.S.obj
                0x00000000100022e4                __wrap___aeabi_f2uiz
 .text.__aeabi_float_init
                0x00000000100022f0       0x64 CMakeFiles/blink.dir/mnt/c/Users/dongye/Desktop/pico/pico-sdk/src/rp2_common/pico_float/float_init_rom.c.obj
                0x00000000100022f0                __aeabi_float_init
 .text.float_table_shim_on_use_helper
                0x0000000010002354       0x2c CMakeFiles/blink.dir/mnt/c/Users/dongye/Desktop/pico/pico-sdk/src/rp2_common/pico_float/float_v1_rom_shim.S.obj
                0x0000000010002354                float_table_shim_on_use_helper
 .text          0x0000000010002380       0x10 CMakeFiles/blink.dir/mnt/c/Users/dongye/Desktop/pico/pico-sdk/src/rp2_common/pico_mem_ops/mem_ops_aeabi.S.obj
                0x0000000010002380                __aeabi_mem_init
 .text.memset   0x0000000010002390        0xc CMakeFiles/blink.dir/mnt/c/Users/dongye/Desktop/pico/pico-sdk/src/rp2_common/pico_mem_ops/mem_ops_aeabi.S.obj
                0x0000000010002390                __wrap_memset
 .text.memcpy   0x000000001000239c        0xc CMakeFiles/blink.dir/mnt/c/Users/dongye/Desktop/pico/pico-sdk/src/rp2_common/pico_mem_ops/mem_ops_aeabi.S.obj
                0x000000001000239c                __wrap___aeabi_memcpy
                0x000000001000239c                __wrap_memcpy
 .text.stdio_out_chars_no_crlf
                0x00000000100023a8       0x10 CMakeFiles/blink.dir/mnt/c/Users/dongye/Desktop/pico/pico-sdk/src/rp2_common/pico_stdio/stdio.c.obj
 .text.stdio_out_chars_crlf
                0x00000000100023b8       0x94 CMakeFiles/blink.dir/mnt/c/Users/dongye/Desktop/pico/pico-sdk/src/rp2_common/pico_stdio/stdio.c.obj
 .text.stdio_put_string
                0x000000001000244c      0x100 CMakeFiles/blink.dir/mnt/c/Users/dongye/Desktop/pico/pico-sdk/src/rp2_common/pico_stdio/stdio.c.obj
 .text.__wrap_putchar
                0x000000001000254c       0xa4 CMakeFiles/blink.dir/mnt/c/Users/dongye/Desktop/pico/pico-sdk/src/rp2_common/pico_stdio/stdio.c.obj
                0x000000001000254c                __wrap_putchar
 .text.__wrap_puts
                0x00000000100025f0       0x3c CMakeFiles/blink.dir/mnt/c/Users/dongye/Desktop/pico/pico-sdk/src/rp2_common/pico_stdio/stdio.c.obj
                0x00000000100025f0                __wrap_puts
 .text.stdio_set_driver_enabled
                0x000000001000262c       0x30 CMakeFiles/blink.dir/mnt/c/Users/dongye/Desktop/pico/pico-sdk/src/rp2_common/pico_stdio/stdio.c.obj
                0x000000001000262c                stdio_set_driver_enabled
 .text.stdio_init_all
                0x000000001000265c        0x8 CMakeFiles/blink.dir/mnt/c/Users/dongye/Desktop/pico/pico-sdk/src/rp2_common/pico_stdio/stdio.c.obj
                0x000000001000265c                stdio_init_all
 .text.resetd_init
                0x0000000010002664        0x4 CMakeFiles/blink.dir/mnt/c/Users/dongye/Desktop/pico/pico-sdk/src/rp2_common/pico_stdio_usb/reset_interface.c.obj
 .text.resetd_reset
                0x0000000010002668        0xc CMakeFiles/blink.dir/mnt/c/Users/dongye/Desktop/pico/pico-sdk/src/rp2_common/pico_stdio_usb/reset_interface.c.obj
 .text.resetd_open
                0x0000000010002674       0x28 CMakeFiles/blink.dir/mnt/c/Users/dongye/Desktop/pico/pico-sdk/src/rp2_common/pico_stdio_usb/reset_interface.c.obj
 .text.resetd_xfer_cb
                0x000000001000269c        0x4 CMakeFiles/blink.dir/mnt/c/Users/dongye/Desktop/pico/pico-sdk/src/rp2_common/pico_stdio_usb/reset_interface.c.obj
 .text.resetd_control_xfer_cb
                0x00000000100026a0       0x64 CMakeFiles/blink.dir/mnt/c/Users/dongye/Desktop/pico/pico-sdk/src/rp2_common/pico_stdio_usb/reset_interface.c.obj
 .text.usbd_app_driver_get_cb
                0x0000000010002704        0xc CMakeFiles/blink.dir/mnt/c/Users/dongye/Desktop/pico/pico-sdk/src/rp2_common/pico_stdio_usb/reset_interface.c.obj
                0x0000000010002704                usbd_app_driver_get_cb
 .text.tud_cdc_line_coding_cb
                0x0000000010002710       0x34 CMakeFiles/blink.dir/mnt/c/Users/dongye/Desktop/pico/pico-sdk/src/rp2_common/pico_stdio_usb/reset_interface.c.obj
                0x0000000010002710                tud_cdc_line_coding_cb
 .text.stdio_usb_in_chars
                0x0000000010002744       0x68 CMakeFiles/blink.dir/mnt/c/Users/dongye/Desktop/pico/pico-sdk/src/rp2_common/pico_stdio_usb/stdio_usb.c.obj
                0x0000000010002744                stdio_usb_in_chars
 .text.stdio_usb_out_chars
                0x00000000100027ac       0xec CMakeFiles/blink.dir/mnt/c/Users/dongye/Desktop/pico/pico-sdk/src/rp2_common/pico_stdio_usb/stdio_usb.c.obj
 .text.timer_task
                0x0000000010002898       0x18 CMakeFiles/blink.dir/mnt/c/Users/dongye/Desktop/pico/pico-sdk/src/rp2_common/pico_stdio_usb/stdio_usb.c.obj
 .text.usb_irq  0x00000000100028b0       0x10 CMakeFiles/blink.dir/mnt/c/Users/dongye/Desktop/pico/pico-sdk/src/rp2_common/pico_stdio_usb/stdio_usb.c.obj
 .text.low_priority_worker_irq
                0x00000000100028c0       0x24 CMakeFiles/blink.dir/mnt/c/Users/dongye/Desktop/pico/pico-sdk/src/rp2_common/pico_stdio_usb/stdio_usb.c.obj
 .text.stdio_usb_init
                0x00000000100028e4       0xb0 CMakeFiles/blink.dir/mnt/c/Users/dongye/Desktop/pico/pico-sdk/src/rp2_common/pico_stdio_usb/stdio_usb.c.obj
                0x00000000100028e4                stdio_usb_init
 .text.tud_descriptor_device_cb
                0x0000000010002994        0x8 CMakeFiles/blink.dir/mnt/c/Users/dongye/Desktop/pico/pico-sdk/src/rp2_common/pico_stdio_usb/stdio_usb_descriptors.c.obj
                0x0000000010002994                tud_descriptor_device_cb
 .text.tud_descriptor_configuration_cb
                0x000000001000299c        0x8 CMakeFiles/blink.dir/mnt/c/Users/dongye/Desktop/pico/pico-sdk/src/rp2_common/pico_stdio_usb/stdio_usb_descriptors.c.obj
                0x000000001000299c                tud_descriptor_configuration_cb
 .text.tud_descriptor_string_cb
                0x00000000100029a4       0x70 CMakeFiles/blink.dir/mnt/c/Users/dongye/Desktop/pico/pico-sdk/src/rp2_common/pico_stdio_usb/stdio_usb_descriptors.c.obj
                0x00000000100029a4                tud_descriptor_string_cb
 .text.dcd_rp2040_irq
                0x0000000010002a14      0x21c CMakeFiles/blink.dir/mnt/c/Users/dongye/Desktop/pico/pico-sdk/lib/tinyusb/src/portable/raspberrypi/rp2040/dcd_rp2040.c.obj
 .text.dcd_int_enable
                0x0000000010002c30        0xc CMakeFiles/blink.dir/mnt/c/Users/dongye/Desktop/pico/pico-sdk/lib/tinyusb/src/portable/raspberrypi/rp2040/dcd_rp2040.c.obj
                0x0000000010002c30                dcd_int_enable
 .text.dcd_set_address
                0x0000000010002c3c       0x14 CMakeFiles/blink.dir/mnt/c/Users/dongye/Desktop/pico/pico-sdk/lib/tinyusb/src/portable/raspberrypi/rp2040/dcd_rp2040.c.obj
                0x0000000010002c3c                dcd_set_address
 .text.dcd_connect
                0x0000000010002c50       0x10 CMakeFiles/blink.dir/mnt/c/Users/dongye/Desktop/pico/pico-sdk/lib/tinyusb/src/portable/raspberrypi/rp2040/dcd_rp2040.c.obj
                0x0000000010002c50                dcd_connect
 .text.dcd_init
                0x0000000010002c60      0x148 CMakeFiles/blink.dir/mnt/c/Users/dongye/Desktop/pico/pico-sdk/lib/tinyusb/src/portable/raspberrypi/rp2040/dcd_rp2040.c.obj
                0x0000000010002c60                dcd_init
 .text.dcd_edpt0_status_complete
                0x0000000010002da8       0x1c CMakeFiles/blink.dir/mnt/c/Users/dongye/Desktop/pico/pico-sdk/lib/tinyusb/src/portable/raspberrypi/rp2040/dcd_rp2040.c.obj
                0x0000000010002da8                dcd_edpt0_status_complete
 .text.dcd_edpt_open
                0x0000000010002dc4       0xf0 CMakeFiles/blink.dir/mnt/c/Users/dongye/Desktop/pico/pico-sdk/lib/tinyusb/src/portable/raspberrypi/rp2040/dcd_rp2040.c.obj
                0x0000000010002dc4                dcd_edpt_open
 .text.dcd_edpt_close_all
                0x0000000010002eb4       0xbc CMakeFiles/blink.dir/mnt/c/Users/dongye/Desktop/pico/pico-sdk/lib/tinyusb/src/portable/raspberrypi/rp2040/dcd_rp2040.c.obj
                0x0000000010002eb4                dcd_edpt_close_all
 .text.dcd_edpt_xfer
                0x0000000010002f70       0x24 CMakeFiles/blink.dir/mnt/c/Users/dongye/Desktop/pico/pico-sdk/lib/tinyusb/src/portable/raspberrypi/rp2040/dcd_rp2040.c.obj
                0x0000000010002f70                dcd_edpt_xfer
 .text.dcd_edpt_stall
                0x0000000010002f94       0x38 CMakeFiles/blink.dir/mnt/c/Users/dongye/Desktop/pico/pico-sdk/lib/tinyusb/src/portable/raspberrypi/rp2040/dcd_rp2040.c.obj
                0x0000000010002f94                dcd_edpt_stall
 .text.dcd_edpt_clear_stall
                0x0000000010002fcc       0x30 CMakeFiles/blink.dir/mnt/c/Users/dongye/Desktop/pico/pico-sdk/lib/tinyusb/src/portable/raspberrypi/rp2040/dcd_rp2040.c.obj
                0x0000000010002fcc                dcd_edpt_clear_stall
 .text._hw_endpoint_buffer_control_update32.part.0
                0x0000000010002ffc       0x20 CMakeFiles/blink.dir/mnt/c/Users/dongye/Desktop/pico/pico-sdk/lib/tinyusb/src/portable/raspberrypi/rp2040/rp2040_usb.c.obj
 .text.rp2040_usb_init
                0x000000001000301c       0x4c CMakeFiles/blink.dir/mnt/c/Users/dongye/Desktop/pico/pico-sdk/lib/tinyusb/src/portable/raspberrypi/rp2040/rp2040_usb.c.obj
                0x000000001000301c                rp2040_usb_init
 .text.hw_endpoint_reset_transfer
                0x0000000010003068        0xc CMakeFiles/blink.dir/mnt/c/Users/dongye/Desktop/pico/pico-sdk/lib/tinyusb/src/portable/raspberrypi/rp2040/rp2040_usb.c.obj
                0x0000000010003068                hw_endpoint_reset_transfer
 .text._hw_endpoint_buffer_control_update32
                0x0000000010003074       0x40 CMakeFiles/blink.dir/mnt/c/Users/dongye/Desktop/pico/pico-sdk/lib/tinyusb/src/portable/raspberrypi/rp2040/rp2040_usb.c.obj
                0x0000000010003074                _hw_endpoint_buffer_control_update32
 .text.hw_endpoint_xfer_start
                0x00000000100030b4      0x138 CMakeFiles/blink.dir/mnt/c/Users/dongye/Desktop/pico/pico-sdk/lib/tinyusb/src/portable/raspberrypi/rp2040/rp2040_usb.c.obj
                0x00000000100030b4                hw_endpoint_xfer_start
 .text.hw_endpoint_xfer_continue
                0x00000000100031ec      0x1e4 CMakeFiles/blink.dir/mnt/c/Users/dongye/Desktop/pico/pico-sdk/lib/tinyusb/src/portable/raspberrypi/rp2040/rp2040_usb.c.obj
                0x00000000100031ec                hw_endpoint_xfer_continue
 .text.tud_mounted
                0x00000000100033d0       0x10 CMakeFiles/blink.dir/mnt/c/Users/dongye/Desktop/pico/pico-sdk/lib/tinyusb/src/device/usbd.c.obj
                0x00000000100033d0                tud_mounted
 .text.tud_suspended
                0x00000000100033e0       0x10 CMakeFiles/blink.dir/mnt/c/Users/dongye/Desktop/pico/pico-sdk/lib/tinyusb/src/device/usbd.c.obj
                0x00000000100033e0                tud_suspended
 .text.tud_inited
                0x00000000100033f0        0xc CMakeFiles/blink.dir/mnt/c/Users/dongye/Desktop/pico/pico-sdk/lib/tinyusb/src/device/usbd.c.obj
                0x00000000100033f0                tud_inited
 .text.tud_init
                0x00000000100033fc       0xd8 CMakeFiles/blink.dir/mnt/c/Users/dongye/Desktop/pico/pico-sdk/lib/tinyusb/src/device/usbd.c.obj
                0x00000000100033fc                tud_init
 .text.tud_task
                0x00000000100034d4      0x8ec CMakeFiles/blink.dir/mnt/c/Users/dongye/Desktop/pico/pico-sdk/lib/tinyusb/src/device/usbd.c.obj
                0x00000000100034d4                tud_task
 .text.dcd_event_bus_signal
                0x0000000010003dc0      0x120 CMakeFiles/blink.dir/mnt/c/Users/dongye/Desktop/pico/pico-sdk/lib/tinyusb/src/device/usbd.c.obj
                0x0000000010003dc0                dcd_event_bus_signal
 .text.dcd_event_bus_reset
                0x0000000010003ee0       0x54 CMakeFiles/blink.dir/mnt/c/Users/dongye/Desktop/pico/pico-sdk/lib/tinyusb/src/device/usbd.c.obj
                0x0000000010003ee0                dcd_event_bus_reset
 .text.dcd_event_setup_received
                0x0000000010003f34       0x50 CMakeFiles/blink.dir/mnt/c/Users/dongye/Desktop/pico/pico-sdk/lib/tinyusb/src/device/usbd.c.obj
                0x0000000010003f34                dcd_event_setup_received
 .text.dcd_event_xfer_complete
                0x0000000010003f84       0x68 CMakeFiles/blink.dir/mnt/c/Users/dongye/Desktop/pico/pico-sdk/lib/tinyusb/src/device/usbd.c.obj
                0x0000000010003f84                dcd_event_xfer_complete
 .text.usbd_open_edpt_pair
                0x0000000010003fec       0x80 CMakeFiles/blink.dir/mnt/c/Users/dongye/Desktop/pico/pico-sdk/lib/tinyusb/src/device/usbd.c.obj
                0x0000000010003fec                usbd_open_edpt_pair
 .text.usbd_edpt_open
                0x000000001000406c       0x30 CMakeFiles/blink.dir/mnt/c/Users/dongye/Desktop/pico/pico-sdk/lib/tinyusb/src/device/usbd.c.obj
                0x000000001000406c                usbd_edpt_open
 .text.usbd_edpt_claim
                0x000000001000409c       0x64 CMakeFiles/blink.dir/mnt/c/Users/dongye/Desktop/pico/pico-sdk/lib/tinyusb/src/device/usbd.c.obj
                0x000000001000409c                usbd_edpt_claim
 .text.usbd_edpt_release
                0x0000000010004100       0x4c CMakeFiles/blink.dir/mnt/c/Users/dongye/Desktop/pico/pico-sdk/lib/tinyusb/src/device/usbd.c.obj
                0x0000000010004100                usbd_edpt_release
 .text.usbd_edpt_xfer
                0x000000001000414c       0x48 CMakeFiles/blink.dir/mnt/c/Users/dongye/Desktop/pico/pico-sdk/lib/tinyusb/src/device/usbd.c.obj
                0x000000001000414c                usbd_edpt_xfer
 .text.tud_control_status
                0x0000000010004194       0x30 CMakeFiles/blink.dir/mnt/c/Users/dongye/Desktop/pico/pico-sdk/lib/tinyusb/src/device/usbd_control.c.obj
                0x0000000010004194                tud_control_status
 .text.tud_control_xfer
                0x00000000100041c4       0xb8 CMakeFiles/blink.dir/mnt/c/Users/dongye/Desktop/pico/pico-sdk/lib/tinyusb/src/device/usbd_control.c.obj
                0x00000000100041c4                tud_control_xfer
 .text.usbd_control_reset
                0x000000001000427c       0x14 CMakeFiles/blink.dir/mnt/c/Users/dongye/Desktop/pico/pico-sdk/lib/tinyusb/src/device/usbd_control.c.obj
                0x000000001000427c                usbd_control_reset
 .text.usbd_control_set_complete_callback
                0x0000000010004290        0xc CMakeFiles/blink.dir/mnt/c/Users/dongye/Desktop/pico/pico-sdk/lib/tinyusb/src/device/usbd_control.c.obj
                0x0000000010004290                usbd_control_set_complete_callback
 .text.usbd_control_set_request
                0x000000001000429c       0x1c CMakeFiles/blink.dir/mnt/c/Users/dongye/Desktop/pico/pico-sdk/lib/tinyusb/src/device/usbd_control.c.obj
                0x000000001000429c                usbd_control_set_request
 .text.usbd_control_xfer_cb
                0x00000000100042b8       0xf8 CMakeFiles/blink.dir/mnt/c/Users/dongye/Desktop/pico/pico-sdk/lib/tinyusb/src/device/usbd_control.c.obj
                0x00000000100042b8                usbd_control_xfer_cb
 .text.tud_cdc_n_connected
                0x00000000100043b0       0x30 CMakeFiles/blink.dir/mnt/c/Users/dongye/Desktop/pico/pico-sdk/lib/tinyusb/src/class/cdc/cdc_device.c.obj
                0x00000000100043b0                tud_cdc_n_connected
 .text.tud_cdc_n_available
                0x00000000100043e0       0x18 CMakeFiles/blink.dir/mnt/c/Users/dongye/Desktop/pico/pico-sdk/lib/tinyusb/src/class/cdc/cdc_device.c.obj
                0x00000000100043e0                tud_cdc_n_available
 .text.tud_cdc_n_read
                0x00000000100043f8       0x70 CMakeFiles/blink.dir/mnt/c/Users/dongye/Desktop/pico/pico-sdk/lib/tinyusb/src/class/cdc/cdc_device.c.obj
                0x00000000100043f8                tud_cdc_n_read
 .text.tud_cdc_n_write_flush
                0x0000000010004468       0x78 CMakeFiles/blink.dir/mnt/c/Users/dongye/Desktop/pico/pico-sdk/lib/tinyusb/src/class/cdc/cdc_device.c.obj
                0x0000000010004468                tud_cdc_n_write_flush
 .text.tud_cdc_n_write
                0x00000000100044e0       0x34 CMakeFiles/blink.dir/mnt/c/Users/dongye/Desktop/pico/pico-sdk/lib/tinyusb/src/class/cdc/cdc_device.c.obj
                0x00000000100044e0                tud_cdc_n_write
 .text.tud_cdc_n_write_available
                0x0000000010004514       0x18 CMakeFiles/blink.dir/mnt/c/Users/dongye/Desktop/pico/pico-sdk/lib/tinyusb/src/class/cdc/cdc_device.c.obj
                0x0000000010004514                tud_cdc_n_write_available
 .text.cdcd_init
                0x000000001000452c       0x7c CMakeFiles/blink.dir/mnt/c/Users/dongye/Desktop/pico/pico-sdk/lib/tinyusb/src/class/cdc/cdc_device.c.obj
                0x000000001000452c                cdcd_init
 .text.cdcd_reset
                0x00000000100045a8       0x2c CMakeFiles/blink.dir/mnt/c/Users/dongye/Desktop/pico/pico-sdk/lib/tinyusb/src/class/cdc/cdc_device.c.obj
                0x00000000100045a8                cdcd_reset
 .text.cdcd_open
                0x00000000100045d4       0xe4 CMakeFiles/blink.dir/mnt/c/Users/dongye/Desktop/pico/pico-sdk/lib/tinyusb/src/class/cdc/cdc_device.c.obj
                0x00000000100045d4                cdcd_open
 .text.cdcd_control_xfer_cb
                0x00000000100046b8       0xe4 CMakeFiles/blink.dir/mnt/c/Users/dongye/Desktop/pico/pico-sdk/lib/tinyusb/src/class/cdc/cdc_device.c.obj
                0x00000000100046b8                cdcd_control_xfer_cb
 .text.cdcd_xfer_cb
                0x000000001000479c      0x198 CMakeFiles/blink.dir/mnt/c/Users/dongye/Desktop/pico/pico-sdk/lib/tinyusb/src/class/cdc/cdc_device.c.obj
                0x000000001000479c                cdcd_xfer_cb
 .text.tusb_init
                0x0000000010004934        0xc CMakeFiles/blink.dir/mnt/c/Users/dongye/Desktop/pico/pico-sdk/lib/tinyusb/src/tusb.c.obj
                0x0000000010004934                tusb_init
 .text.tusb_inited
                0x0000000010004940        0x8 CMakeFiles/blink.dir/mnt/c/Users/dongye/Desktop/pico/pico-sdk/lib/tinyusb/src/tusb.c.obj
                0x0000000010004940                tusb_inited
 .text.tu_edpt_validate
                0x0000000010004948       0x78 CMakeFiles/blink.dir/mnt/c/Users/dongye/Desktop/pico/pico-sdk/lib/tinyusb/src/tusb.c.obj
                0x0000000010004948                tu_edpt_validate
 .text.tu_edpt_bind_driver
                0x00000000100049c0       0x2c CMakeFiles/blink.dir/mnt/c/Users/dongye/Desktop/pico/pico-sdk/lib/tinyusb/src/tusb.c.obj
                0x00000000100049c0                tu_edpt_bind_driver
 .text.tu_fifo_config
                0x00000000100049ec       0x78 CMakeFiles/blink.dir/mnt/c/Users/dongye/Desktop/pico/pico-sdk/lib/tinyusb/src/common/tusb_fifo.c.obj
                0x00000000100049ec                tu_fifo_config
 .text.tu_fifo_count
                0x0000000010004a64       0x20 CMakeFiles/blink.dir/mnt/c/Users/dongye/Desktop/pico/pico-sdk/lib/tinyusb/src/common/tusb_fifo.c.obj
                0x0000000010004a64                tu_fifo_count
 .text.tu_fifo_empty
                0x0000000010004a84       0x10 CMakeFiles/blink.dir/mnt/c/Users/dongye/Desktop/pico/pico-sdk/lib/tinyusb/src/common/tusb_fifo.c.obj
                0x0000000010004a84                tu_fifo_empty
 .text.tu_fifo_remaining
                0x0000000010004a94       0x1c CMakeFiles/blink.dir/mnt/c/Users/dongye/Desktop/pico/pico-sdk/lib/tinyusb/src/common/tusb_fifo.c.obj
                0x0000000010004a94                tu_fifo_remaining
 .text.tu_fifo_read
                0x0000000010004ab0       0x9c CMakeFiles/blink.dir/mnt/c/Users/dongye/Desktop/pico/pico-sdk/lib/tinyusb/src/common/tusb_fifo.c.obj
                0x0000000010004ab0                tu_fifo_read
 .text.tu_fifo_read_n
                0x0000000010004b4c      0x100 CMakeFiles/blink.dir/mnt/c/Users/dongye/Desktop/pico/pico-sdk/lib/tinyusb/src/common/tusb_fifo.c.obj
                0x0000000010004b4c                tu_fifo_read_n
 .text.tu_fifo_write
                0x0000000010004c4c       0x7c CMakeFiles/blink.dir/mnt/c/Users/dongye/Desktop/pico/pico-sdk/lib/tinyusb/src/common/tusb_fifo.c.obj
                0x0000000010004c4c                tu_fifo_write
 .text.tu_fifo_write_n
                0x0000000010004cc8       0xf8 CMakeFiles/blink.dir/mnt/c/Users/dongye/Desktop/pico/pico-sdk/lib/tinyusb/src/common/tusb_fifo.c.obj
                0x0000000010004cc8                tu_fifo_write_n
 .text.tu_fifo_clear
                0x0000000010004dc0       0x4c CMakeFiles/blink.dir/mnt/c/Users/dongye/Desktop/pico/pico-sdk/lib/tinyusb/src/common/tusb_fifo.c.obj
                0x0000000010004dc0                tu_fifo_clear
 .text.tu_fifo_set_overwritable
                0x0000000010004e0c       0x3c CMakeFiles/blink.dir/mnt/c/Users/dongye/Desktop/pico/pico-sdk/lib/tinyusb/src/common/tusb_fifo.c.obj
                0x0000000010004e0c                tu_fifo_set_overwritable
 .text.startup._retrieve_unique_id_on_boot
                0x0000000010004e48       0x10 CMakeFiles/blink.dir/mnt/c/Users/dongye/Desktop/pico/pico-sdk/src/rp2_common/pico_unique_id/unique_id.c.obj
 .text.pico_get_unique_board_id_string
                0x0000000010004e58      0x1bc CMakeFiles/blink.dir/mnt/c/Users/dongye/Desktop/pico/pico-sdk/src/rp2_common/pico_unique_id/unique_id.c.obj
                0x0000000010004e58                pico_get_unique_board_id_string
 .text.flash_get_unique_id
                0x0000000010005014       0x40 CMakeFiles/blink.dir/mnt/c/Users/dongye/Desktop/pico/pico-sdk/src/rp2_common/hardware_flash/flash.c.obj
                0x0000000010005014                flash_get_unique_id
 .text.pio_add_program
                0x0000000010005054       0xe4 CMakeFiles/blink.dir/mnt/c/Users/dongye/Desktop/pico/pico-sdk/src/rp2_common/hardware_pio/pio.c.obj
                0x0000000010005054                pio_add_program
 .text.pio_sm_set_consecutive_pindirs
                0x0000000010005138       0x88 CMakeFiles/blink.dir/mnt/c/Users/dongye/Desktop/pico/pico-sdk/src/rp2_common/hardware_pio/pio.c.obj
                0x0000000010005138                pio_sm_set_consecutive_pindirs
 .text.pio_sm_init
                0x00000000100051c0       0x90 CMakeFiles/blink.dir/mnt/c/Users/dongye/Desktop/pico/pico-sdk/src/rp2_common/hardware_pio/pio.c.obj
                0x00000000100051c0                pio_sm_init
 .text          0x0000000010005250       0x68 /usr/lib/gcc/arm-none-eabi/9.2.1/../../../arm-none-eabi/lib/thumb/v6-m/nofp/libc.a(lib_a-strlen-stub.o)
                0x0000000010005250                strlen
 *(.fini)
 .fini          0x00000000100052b8        0x4 /usr/lib/gcc/arm-none-eabi/9.2.1/thumb/v6-m/nofp/crti.o
                0x00000000100052b8                _fini
 *fill*         0x00000000100052bc        0x4 
 .fini.__stub   0x00000000100052c0       0x60 linker stubs
 *crtbegin.o(.ctors)
 *crtbegin?.o(.ctors)
 *(EXCLUDE_FILE(*crtend.o *crtend?.o) .ctors)
 *(SORT_BY_NAME(.ctors.*))
 *(.ctors)
 *crtbegin.o(.dtors)
 *crtbegin?.o(.dtors)
 *(EXCLUDE_FILE(*crtend.o *crtend?.o) .dtors)
 *(SORT_BY_NAME(.dtors.*))
 *(.dtors)
 *(.eh_frame*)
 .eh_frame      0x0000000010005320        0x0 /usr/lib/gcc/arm-none-eabi/9.2.1/thumb/v6-m/nofp/crtbegin.o
                0x0000000010005320                . = ALIGN (0x4)

.glue_7         0x0000000010005320        0x0
 .glue_7        0x0000000010005320        0x0 linker stubs

.glue_7t        0x0000000010005320        0x0
 .glue_7t       0x0000000010005320        0x0 linker stubs

.vfp11_veneer   0x0000000010005320        0x0
 .vfp11_veneer  0x0000000010005320        0x0 linker stubs

.v4_bx          0x0000000010005320        0x0
 .v4_bx         0x0000000010005320        0x0 linker stubs

.iplt           0x0000000010005320        0x0
 .iplt          0x0000000010005320        0x0 /usr/lib/gcc/arm-none-eabi/9.2.1/thumb/v6-m/nofp/crtbegin.o

.rodata         0x0000000010005320      0x30c
 *(EXCLUDE_FILE(*libm.a: *libc.a:*lib_a-mem*.o *libgcc.a:) .rodata*)
 .rodata.main.str1.4
                0x0000000010005320       0x18 CMakeFiles/blink.dir/main.c.obj
 .rodata.ws2812_program
                0x0000000010005338        0x6 CMakeFiles/blink.dir/main.c.obj
 *fill*         0x000000001000533e        0x2 
 .rodata.ws2812_program_instructions
                0x0000000010005340        0x8 CMakeFiles/blink.dir/main.c.obj
 .rodata.spin_lock_claim_unused.str1.4
                0x0000000010005348       0x1b CMakeFiles/blink.dir/mnt/c/Users/dongye/Desktop/pico/pico-sdk/src/rp2_common/hardware_sync/sync.c.obj
 *fill*         0x0000000010005363        0x1 
 .rodata.user_irq_claim_unused.str1.4
                0x0000000010005364       0x1b CMakeFiles/blink.dir/mnt/c/Users/dongye/Desktop/pico/pico-sdk/src/rp2_common/hardware_irq/irq.c.obj
 *fill*         0x000000001000537f        0x1 
 .rodata.hardware_alarm_claim.str1.4
                0x0000000010005380       0x22 CMakeFiles/blink.dir/mnt/c/Users/dongye/Desktop/pico/pico-sdk/src/rp2_common/hardware_timer/timer.c.obj
 *fill*         0x00000000100053a2        0x2 
 .rodata.panic.str1.4
                0x00000000100053a4       0x12 CMakeFiles/blink.dir/mnt/c/Users/dongye/Desktop/pico/pico-sdk/src/rp2_common/pico_runtime/runtime.c.obj
 *fill*         0x00000000100053b6        0x2 
 .rodata.hard_assertion_failure.str1.4
                0x00000000100053b8        0xc CMakeFiles/blink.dir/mnt/c/Users/dongye/Desktop/pico/pico-sdk/src/rp2_common/pico_runtime/runtime.c.obj
 .rodata.str1.4
                0x00000000100053c4       0x3c CMakeFiles/blink.dir/mnt/c/Users/dongye/Desktop/pico/pico-sdk/src/rp2_common/pico_standard_link/binary_info.c.obj
 .rodata.__bi_44
                0x0000000010005400        0xc CMakeFiles/blink.dir/mnt/c/Users/dongye/Desktop/pico/pico-sdk/src/rp2_common/pico_standard_link/binary_info.c.obj
 .rodata.__bi_75
                0x000000001000540c        0xc CMakeFiles/blink.dir/mnt/c/Users/dongye/Desktop/pico/pico-sdk/src/rp2_common/pico_standard_link/binary_info.c.obj
 .rodata.__bi_81
                0x0000000010005418        0xc CMakeFiles/blink.dir/mnt/c/Users/dongye/Desktop/pico/pico-sdk/src/rp2_common/pico_standard_link/binary_info.c.obj
 .rodata.crlf_str.5913
                0x0000000010005424        0x2 CMakeFiles/blink.dir/mnt/c/Users/dongye/Desktop/pico/pico-sdk/src/rp2_common/pico_stdio/stdio.c.obj
 *fill*         0x0000000010005426        0x2 
 .rodata._resetd_driver
                0x0000000010005428       0x18 CMakeFiles/blink.dir/mnt/c/Users/dongye/Desktop/pico/pico-sdk/src/rp2_common/pico_stdio_usb/reset_interface.c.obj
 .rodata.str1.4
                0x0000000010005440       0x13 CMakeFiles/blink.dir/mnt/c/Users/dongye/Desktop/pico/pico-sdk/src/rp2_common/pico_stdio_usb/stdio_usb.c.obj
 *fill*         0x0000000010005453        0x1 
 .rodata.__bi_118.7207
                0x0000000010005454        0xc CMakeFiles/blink.dir/mnt/c/Users/dongye/Desktop/pico/pico-sdk/src/rp2_common/pico_stdio_usb/stdio_usb.c.obj
 .rodata.str1.4
                0x0000000010005460       0x2a CMakeFiles/blink.dir/mnt/c/Users/dongye/Desktop/pico/pico-sdk/src/rp2_common/pico_stdio_usb/stdio_usb_descriptors.c.obj
 *fill*         0x000000001000548a        0x2 
 .rodata.usbd_desc_cfg
                0x000000001000548c       0x54 CMakeFiles/blink.dir/mnt/c/Users/dongye/Desktop/pico/pico-sdk/src/rp2_common/pico_stdio_usb/stdio_usb_descriptors.c.obj
 .rodata.usbd_desc_device
                0x00000000100054e0       0x12 CMakeFiles/blink.dir/mnt/c/Users/dongye/Desktop/pico/pico-sdk/src/rp2_common/pico_stdio_usb/stdio_usb_descriptors.c.obj
 *fill*         0x00000000100054f2        0x2 
 .rodata.usbd_desc_str
                0x00000000100054f4       0x18 CMakeFiles/blink.dir/mnt/c/Users/dongye/Desktop/pico/pico-sdk/src/rp2_common/pico_stdio_usb/stdio_usb_descriptors.c.obj
 .rodata.dcd_rp2040_irq.str1.4
                0x000000001000550c       0x14 CMakeFiles/blink.dir/mnt/c/Users/dongye/Desktop/pico/pico-sdk/lib/tinyusb/src/portable/raspberrypi/rp2040/dcd_rp2040.c.obj
 .rodata._hw_endpoint_buffer_control_update32.part.0.str1.4
                0x0000000010005520       0x1f CMakeFiles/blink.dir/mnt/c/Users/dongye/Desktop/pico/pico-sdk/lib/tinyusb/src/portable/raspberrypi/rp2040/rp2040_usb.c.obj
 *fill*         0x000000001000553f        0x1 
 .rodata.hw_endpoint_xfer_continue.str1.4
                0x0000000010005540       0x29 CMakeFiles/blink.dir/mnt/c/Users/dongye/Desktop/pico/pico-sdk/lib/tinyusb/src/portable/raspberrypi/rp2040/rp2040_usb.c.obj
 *fill*         0x0000000010005569        0x3 
 .rodata.str1.4
                0x000000001000556c        0x7 CMakeFiles/blink.dir/mnt/c/Users/dongye/Desktop/pico/pico-sdk/lib/tinyusb/src/portable/raspberrypi/rp2040/rp2040_usb.c.obj
 *fill*         0x0000000010005573        0x1 
 .rodata.tud_task
                0x0000000010005574       0x8c CMakeFiles/blink.dir/mnt/c/Users/dongye/Desktop/pico/pico-sdk/lib/tinyusb/src/device/usbd.c.obj
 .rodata._usbd_driver
                0x0000000010005600       0x18 CMakeFiles/blink.dir/mnt/c/Users/dongye/Desktop/pico/pico-sdk/lib/tinyusb/src/device/usbd.c.obj
 .rodata.pio_add_program.str1.4
                0x0000000010005618       0x11 CMakeFiles/blink.dir/mnt/c/Users/dongye/Desktop/pico/pico-sdk/src/rp2_common/hardware_pio/pio.c.obj
                0x000000001000562c                . = ALIGN (0x4)
 *fill*         0x0000000010005629        0x3 
 *(SORT_BY_ALIGNMENT(SORT_BY_NAME(.flashdata*)))
                0x000000001000562c                . = ALIGN (0x4)

.rel.dyn        0x000000001000562c        0x0
 .rel.iplt      0x000000001000562c        0x0 /usr/lib/gcc/arm-none-eabi/9.2.1/thumb/v6-m/nofp/crtbegin.o

.ARM.extab
 *(.ARM.extab* .gnu.linkonce.armextab.*)
                0x000000001000562c                __exidx_start = .

.ARM.exidx
 *(.ARM.exidx* .gnu.linkonce.armexidx.*)
                0x000000001000562c                __exidx_end = .
                0x000000001000562c                . = ALIGN (0x4)
                0x000000001000562c                __binary_info_start = .

.binary_info    0x000000001000562c       0x20
 *(.binary_info.keep.*)
 .binary_info.keep.__bi_ptr22
                0x000000001000562c        0x4 CMakeFiles/blink.dir/mnt/c/Users/dongye/Desktop/pico/pico-sdk/src/rp2_common/pico_standard_link/binary_info.c.obj
 .binary_info.keep.__bi_ptr30
                0x0000000010005630        0x4 CMakeFiles/blink.dir/mnt/c/Users/dongye/Desktop/pico/pico-sdk/src/rp2_common/pico_standard_link/binary_info.c.obj
 .binary_info.keep.__bi_ptr38
                0x0000000010005634        0x4 CMakeFiles/blink.dir/mnt/c/Users/dongye/Desktop/pico/pico-sdk/src/rp2_common/pico_standard_link/binary_info.c.obj
 .binary_info.keep.__bi_ptr44
                0x0000000010005638        0x4 CMakeFiles/blink.dir/mnt/c/Users/dongye/Desktop/pico/pico-sdk/src/rp2_common/pico_standard_link/binary_info.c.obj
 .binary_info.keep.__bi_ptr50
                0x000000001000563c        0x4 CMakeFiles/blink.dir/mnt/c/Users/dongye/Desktop/pico/pico-sdk/src/rp2_common/pico_standard_link/binary_info.c.obj
 .binary_info.keep.__bi_ptr75
                0x0000000010005640        0x4 CMakeFiles/blink.dir/mnt/c/Users/dongye/Desktop/pico/pico-sdk/src/rp2_common/pico_standard_link/binary_info.c.obj
 .binary_info.keep.__bi_ptr81
                0x0000000010005644        0x4 CMakeFiles/blink.dir/mnt/c/Users/dongye/Desktop/pico/pico-sdk/src/rp2_common/pico_standard_link/binary_info.c.obj
 *(.binary_info.*)
 .binary_info.__bi_ptr118
                0x0000000010005648        0x4 CMakeFiles/blink.dir/mnt/c/Users/dongye/Desktop/pico/pico-sdk/src/rp2_common/pico_stdio_usb/stdio_usb.c.obj
                0x000000001000564c                __binary_info_end = .
                0x000000001000564c                . = ALIGN (0x4)
                0x000000001000564c                __etext = .

.ram_vector_table
                0x0000000020000000       0xc0
 *(.ram_vector_table)
 .ram_vector_table
                0x0000000020000000       0xc0 CMakeFiles/blink.dir/mnt/c/Users/dongye/Desktop/pico/pico-sdk/src/rp2_common/pico_runtime/runtime.c.obj
                0x0000000020000000                ram_vector_table

.data           0x00000000200000c0      0x3c0 load address 0x000000001000564c
                0x00000000200000c0                __data_start__ = .
 *(vtable)
 *(.time_critical*)
 .time_critical.mutex_enter_blocking
                0x00000000200000c0       0x48 CMakeFiles/blink.dir/mnt/c/Users/dongye/Desktop/pico/pico-sdk/src/common/pico_sync/mutex.c.obj
                0x00000000200000c0                mutex_enter_blocking
 .time_critical.mutex_try_enter
                0x0000000020000108       0x48 CMakeFiles/blink.dir/mnt/c/Users/dongye/Desktop/pico/pico-sdk/src/common/pico_sync/mutex.c.obj
                0x0000000020000108                mutex_try_enter
 .time_critical.mutex_enter_timeout_ms
                0x0000000020000150       0x98 CMakeFiles/blink.dir/mnt/c/Users/dongye/Desktop/pico/pico-sdk/src/common/pico_sync/mutex.c.obj
                0x0000000020000150                mutex_enter_timeout_ms
 .time_critical.mutex_exit
                0x00000000200001e8       0x28 CMakeFiles/blink.dir/mnt/c/Users/dongye/Desktop/pico/pico-sdk/src/common/pico_sync/mutex.c.obj
                0x00000000200001e8                mutex_exit
 .time_critical.flash_init_boot2_copyout
                0x0000000020000210       0x30 CMakeFiles/blink.dir/mnt/c/Users/dongye/Desktop/pico/pico-sdk/src/rp2_common/hardware_flash/flash.c.obj
 .time_critical.flash_enable_xip_via_boot2
                0x0000000020000240       0x10 CMakeFiles/blink.dir/mnt/c/Users/dongye/Desktop/pico/pico-sdk/src/rp2_common/hardware_flash/flash.c.obj
 .time_critical.flash_cs_force
                0x0000000020000250       0x38 CMakeFiles/blink.dir/mnt/c/Users/dongye/Desktop/pico/pico-sdk/src/rp2_common/hardware_flash/flash.c.obj
 .time_critical.flash_do_cmd
                0x0000000020000288       0xc4 CMakeFiles/blink.dir/mnt/c/Users/dongye/Desktop/pico/pico-sdk/src/rp2_common/hardware_flash/flash.c.obj
                0x0000000020000288                flash_do_cmd
 *(.text*)
 .text          0x000000002000034c        0x4 /usr/lib/gcc/arm-none-eabi/9.2.1/thumb/v6-m/nofp/libgcc.a(_dvmd_tls.o)
                0x000000002000034c                __aeabi_ldiv0
                0x000000002000034c                __aeabi_idiv0
 .text.__stub   0x0000000020000350       0x30 linker stubs
                0x0000000020000380                . = ALIGN (0x4)
 *(.rodata*)
                0x0000000020000380                . = ALIGN (0x4)
 *(.data*)
 .data.striped_spin_lock_num
                0x0000000020000380        0x1 CMakeFiles/blink.dir/mnt/c/Users/dongye/Desktop/pico/pico-sdk/src/rp2_common/hardware_sync/sync.c.obj
 *fill*         0x0000000020000381        0x3 
 .data          0x0000000020000384       0x48 CMakeFiles/blink.dir/mnt/c/Users/dongye/Desktop/pico/pico-sdk/src/rp2_common/hardware_irq/irq_handler_chain.S.obj
                0x0000000020000384                irq_handler_chain_slots
                0x00000000200003b4                irq_handler_chain_first_slot
                0x00000000200003be                irq_handler_chain_remove_tail
 .data.default_alarm_pool
                0x00000000200003cc       0x18 CMakeFiles/blink.dir/mnt/c/Users/dongye/Desktop/pico/pico-sdk/src/common/pico_time/time.c.obj
 .data.default_alarm_pool_heap
                0x00000000200003e4       0x10 CMakeFiles/blink.dir/mnt/c/Users/dongye/Desktop/pico/pico-sdk/src/common/pico_time/time.c.obj
 *fill*         0x00000000200003f4        0xc 
 .data.aeabi_bits_funcs
                0x0000000020000400       0x10 CMakeFiles/blink.dir/mnt/c/Users/dongye/Desktop/pico/pico-sdk/src/rp2_common/pico_bit_ops/bit_ops_aeabi.S.obj
                0x0000000020000400                aeabi_bits_funcs
                0x0000000020000410                aeabi_bits_funcs_end
 .data.aeabi_mem_funcs
                0x0000000020000410       0x10 CMakeFiles/blink.dir/mnt/c/Users/dongye/Desktop/pico/pico-sdk/src/rp2_common/pico_mem_ops/mem_ops_aeabi.S.obj
                0x0000000020000410                aeabi_mem_funcs
                0x0000000020000420                aeabi_mem_funcs_end
 .data.stdio_usb
                0x0000000020000420       0x14 CMakeFiles/blink.dir/mnt/c/Users/dongye/Desktop/pico/pico-sdk/src/rp2_common/pico_stdio_usb/stdio_usb.c.obj
                0x0000000020000420                stdio_usb
 .data.ep_dir_string
                0x0000000020000434        0x8 CMakeFiles/blink.dir/mnt/c/Users/dongye/Desktop/pico/pico-sdk/lib/tinyusb/src/portable/raspberrypi/rp2040/rp2040_usb.c.obj
                0x0000000020000434                ep_dir_string
 .data._usbd_qdef
                0x000000002000043c       0x24 CMakeFiles/blink.dir/mnt/c/Users/dongye/Desktop/pico/pico-sdk/lib/tinyusb/src/device/usbd.c.obj
                0x000000002000043c                _usbd_qdef
                0x0000000020000460                . = ALIGN (0x4)
 *(.after_data.*)
                0x0000000020000460                . = ALIGN (0x4)
                0x0000000020000460                PROVIDE (__mutex_array_start = .)
 *(SORT_BY_NAME(.mutex_array.*))
 *(.mutex_array)
 .mutex_array   0x0000000020000460        0x8 CMakeFiles/blink.dir/mnt/c/Users/dongye/Desktop/pico/pico-sdk/src/rp2_common/pico_stdio/stdio.c.obj
                0x0000000020000468                PROVIDE (__mutex_array_end = .)
                0x0000000020000468                . = ALIGN (0x4)
                0x0000000020000468                PROVIDE (__preinit_array_start = .)
 *(SORT_BY_NAME(.preinit_array.*))
 .preinit_array.00001
                0x0000000020000468        0x4 CMakeFiles/blink.dir/mnt/c/Users/dongye/Desktop/pico/pico-sdk/src/rp2_common/pico_mem_ops/mem_ops_aeabi.S.obj
 .preinit_array.00010
                0x000000002000046c        0x4 CMakeFiles/blink.dir/mnt/c/Users/dongye/Desktop/pico/pico-sdk/src/rp2_common/pico_bit_ops/bit_ops_aeabi.S.obj
 .preinit_array.00020
                0x0000000020000470        0x4 CMakeFiles/blink.dir/mnt/c/Users/dongye/Desktop/pico/pico-sdk/src/rp2_common/pico_double/double_aeabi.S.obj
 .preinit_array.00020
                0x0000000020000474        0x4 CMakeFiles/blink.dir/mnt/c/Users/dongye/Desktop/pico/pico-sdk/src/rp2_common/pico_float/float_aeabi.S.obj
 *(.preinit_array)
                0x0000000020000478                PROVIDE (__preinit_array_end = .)
                0x0000000020000478                . = ALIGN (0x4)
                0x0000000020000478                PROVIDE (__init_array_start = .)
 *(SORT_BY_NAME(.init_array.*))
 *(.init_array)
 .init_array    0x0000000020000478        0x4 /usr/lib/gcc/arm-none-eabi/9.2.1/thumb/v6-m/nofp/crtbegin.o
 .init_array    0x000000002000047c        0x4 CMakeFiles/blink.dir/mnt/c/Users/dongye/Desktop/pico/pico-sdk/src/rp2_common/pico_unique_id/unique_id.c.obj
                0x0000000020000480                PROVIDE (__init_array_end = .)
                0x0000000020000480                . = ALIGN (0x4)
                0x0000000020000480                PROVIDE (__fini_array_start = .)
 *(SORT_BY_NAME(.fini_array.*))
 *(.fini_array)
                0x0000000020000480                PROVIDE (__fini_array_end = .)
 *(.jcr)
                0x0000000020000480                . = ALIGN (0x4)
                0x0000000020000480                __data_end__ = .

.tm_clone_table
                0x0000000020000480        0x0 load address 0x0000000010005a0c
 .tm_clone_table
                0x0000000020000480        0x0 /usr/lib/gcc/arm-none-eabi/9.2.1/thumb/v6-m/nofp/crtbegin.o
 .tm_clone_table
                0x0000000020000480        0x0 /usr/lib/gcc/arm-none-eabi/9.2.1/thumb/v6-m/nofp/crtend.o

.igot.plt       0x0000000020000480        0x0 load address 0x0000000010005a0c
 .igot.plt      0x0000000020000480        0x0 /usr/lib/gcc/arm-none-eabi/9.2.1/thumb/v6-m/nofp/crtbegin.o

.uninitialized_data
                0x0000000020000480        0x0 load address 0x0000000010005a0c
                0x0000000020000480                . = ALIGN (0x4)
 *(.uninitialized_data*)

.scratch_x      0x0000000020040000        0x0 load address 0x0000000010005a0c
                0x0000000020040000                __scratch_x_start__ = .
 *(.scratch_x.*)
                0x0000000020040000                . = ALIGN (0x4)
                0x0000000020040000                __scratch_x_end__ = .
                0x0000000010005a0c                __scratch_x_source__ = LOADADDR (.scratch_x)

.scratch_y      0x0000000020041000        0x0 load address 0x0000000010005a0c
                0x0000000020041000                __scratch_y_start__ = .
 *(.scratch_y.*)
                0x0000000020041000                . = ALIGN (0x4)
                0x0000000020041000                __scratch_y_end__ = .
                0x0000000010005a0c                __scratch_y_source__ = LOADADDR (.scratch_y)

.bss            0x0000000020000480      0xd90
                0x0000000020000480                . = ALIGN (0x4)
                0x0000000020000480                __bss_start__ = .
 *(SORT_BY_ALIGNMENT(SORT_BY_NAME(.bss*)))
 .bss.default_alarm_pool_entries
                0x0000000020000480      0x100 CMakeFiles/blink.dir/mnt/c/Users/dongye/Desktop/pico/pico-sdk/src/common/pico_time/time.c.obj
 .bss.last_avail_time.7186
                0x0000000020000580        0x8 CMakeFiles/blink.dir/mnt/c/Users/dongye/Desktop/pico/pico-sdk/src/rp2_common/pico_stdio_usb/stdio_usb.c.obj
 .bss           0x0000000020000588       0x1c /usr/lib/gcc/arm-none-eabi/9.2.1/thumb/v6-m/nofp/crtbegin.o
 .bss._app_driver
                0x00000000200005a4        0x4 CMakeFiles/blink.dir/mnt/c/Users/dongye/Desktop/pico/pico-sdk/lib/tinyusb/src/device/usbd.c.obj
 .bss._cdcd_itf
                0x00000000200005a8      0x2d8 CMakeFiles/blink.dir/mnt/c/Users/dongye/Desktop/pico/pico-sdk/lib/tinyusb/src/class/cdc/cdc_device.c.obj
 .bss._ctrl_xfer
                0x0000000020000880       0x14 CMakeFiles/blink.dir/mnt/c/Users/dongye/Desktop/pico/pico-sdk/lib/tinyusb/src/device/usbd_control.c.obj
 .bss._ubsd_mutexdef
                0x0000000020000894        0x8 CMakeFiles/blink.dir/mnt/c/Users/dongye/Desktop/pico/pico-sdk/lib/tinyusb/src/device/usbd.c.obj
 .bss._usbd_ctrl_buf
                0x000000002000089c       0x40 CMakeFiles/blink.dir/mnt/c/Users/dongye/Desktop/pico/pico-sdk/lib/tinyusb/src/device/usbd_control.c.obj
 .bss._usbd_dev
                0x00000000200008dc       0x53 CMakeFiles/blink.dir/mnt/c/Users/dongye/Desktop/pico/pico-sdk/lib/tinyusb/src/device/usbd.c.obj
 *fill*         0x000000002000092f        0x1 
 .bss._usbd_mutex
                0x0000000020000930        0x4 CMakeFiles/blink.dir/mnt/c/Users/dongye/Desktop/pico/pico-sdk/lib/tinyusb/src/device/usbd.c.obj
 .bss._usbd_q   0x0000000020000934        0x4 CMakeFiles/blink.dir/mnt/c/Users/dongye/Desktop/pico/pico-sdk/lib/tinyusb/src/device/usbd.c.obj
 .bss._used_instruction_space
                0x0000000020000938        0x8 CMakeFiles/blink.dir/mnt/c/Users/dongye/Desktop/pico/pico-sdk/src/rp2_common/hardware_pio/pio.c.obj
 .bss.alarm_callbacks
                0x0000000020000940       0x10 CMakeFiles/blink.dir/mnt/c/Users/dongye/Desktop/pico/pico-sdk/src/rp2_common/hardware_timer/timer.c.obj
 .bss.boot2_copyout
                0x0000000020000950      0x100 CMakeFiles/blink.dir/mnt/c/Users/dongye/Desktop/pico/pico-sdk/src/rp2_common/hardware_flash/flash.c.obj
 .bss.claimed   0x0000000020000a50        0x4 CMakeFiles/blink.dir/mnt/c/Users/dongye/Desktop/pico/pico-sdk/src/rp2_common/hardware_sync/sync.c.obj
 .bss.configured_freq
                0x0000000020000a54       0x28 CMakeFiles/blink.dir/mnt/c/Users/dongye/Desktop/pico/pico-sdk/src/rp2_common/hardware_clocks/clocks.c.obj
 .bss.default_alarm_pool_entry_ids_high
                0x0000000020000a7c       0x10 CMakeFiles/blink.dir/mnt/c/Users/dongye/Desktop/pico/pico-sdk/src/common/pico_time/time.c.obj
 .bss.default_alarm_pool_heap_nodes
                0x0000000020000a8c       0x30 CMakeFiles/blink.dir/mnt/c/Users/dongye/Desktop/pico/pico-sdk/src/common/pico_time/time.c.obj
 .bss.desc_str.7071
                0x0000000020000abc       0x28 CMakeFiles/blink.dir/mnt/c/Users/dongye/Desktop/pico/pico-sdk/src/rp2_common/pico_stdio_usb/stdio_usb_descriptors.c.obj
 .bss.drivers   0x0000000020000ae4        0x4 CMakeFiles/blink.dir/mnt/c/Users/dongye/Desktop/pico/pico-sdk/src/rp2_common/pico_stdio/stdio.c.obj
 .bss.filter    0x0000000020000ae8        0x4 CMakeFiles/blink.dir/mnt/c/Users/dongye/Desktop/pico/pico-sdk/src/rp2_common/pico_stdio/stdio.c.obj
 .bss.hw_endpoints
                0x0000000020000aec      0x400 CMakeFiles/blink.dir/mnt/c/Users/dongye/Desktop/pico/pico-sdk/lib/tinyusb/src/portable/raspberrypi/rp2040/dcd_rp2040.c.obj
 .bss.lazy_vsnprintf
                0x0000000020000eec        0x4 CMakeFiles/blink.dir/mnt/c/Users/dongye/Desktop/pico/pico-sdk/src/rp2_common/pico_printf/printf.c.obj
 .bss.load_value
                0x0000000020000ef0        0x4 CMakeFiles/blink.dir/mnt/c/Users/dongye/Desktop/pico/pico-sdk/src/rp2_common/hardware_watchdog/watchdog.c.obj
 .bss.next_buffer_ptr
                0x0000000020000ef4        0x4 CMakeFiles/blink.dir/mnt/c/Users/dongye/Desktop/pico/pico-sdk/lib/tinyusb/src/portable/raspberrypi/rp2040/dcd_rp2040.c.obj
 .bss.pools     0x0000000020000ef8       0x10 CMakeFiles/blink.dir/mnt/c/Users/dongye/Desktop/pico/pico-sdk/src/common/pico_time/time.c.obj
 .bss.retrieved_id
                0x0000000020000f08        0x8 CMakeFiles/blink.dir/mnt/c/Users/dongye/Desktop/pico/pico-sdk/src/rp2_common/pico_unique_id/unique_id.c.obj
 .bss.sf_clz_func
                0x0000000020000f10        0x4 CMakeFiles/blink.dir/mnt/c/Users/dongye/Desktop/pico/pico-sdk/src/rp2_common/pico_double/double_init_rom.c.obj
                0x0000000020000f10                sf_clz_func
 .bss.sleep_notifier
                0x0000000020000f14        0x4 CMakeFiles/blink.dir/mnt/c/Users/dongye/Desktop/pico/pico-sdk/src/common/pico_time/time.c.obj
 .bss.stdio_usb_mutex
                0x0000000020000f18        0x8 CMakeFiles/blink.dir/mnt/c/Users/dongye/Desktop/pico/pico-sdk/src/rp2_common/pico_stdio_usb/stdio_usb.c.obj
 .bss.target_hi
                0x0000000020000f20       0x10 CMakeFiles/blink.dir/mnt/c/Users/dongye/Desktop/pico/pico-sdk/src/rp2_common/hardware_timer/timer.c.obj
 .bss.usbd_serial_str
                0x0000000020000f30       0x11 CMakeFiles/blink.dir/mnt/c/Users/dongye/Desktop/pico/pico-sdk/src/rp2_common/pico_stdio_usb/stdio_usb_descriptors.c.obj
 *fill*         0x0000000020000f41        0x3 
 .bss.user_irq_claimed
                0x0000000020000f44        0x2 CMakeFiles/blink.dir/mnt/c/Users/dongye/Desktop/pico/pico-sdk/src/rp2_common/hardware_irq/irq.c.obj
 .bss._app_driver_count
                0x0000000020000f46        0x1 CMakeFiles/blink.dir/mnt/c/Users/dongye/Desktop/pico/pico-sdk/lib/tinyusb/src/device/usbd.c.obj
 .bss._usbd_initialized
                0x0000000020000f47        0x1 CMakeFiles/blink.dir/mnt/c/Users/dongye/Desktop/pico/pico-sdk/lib/tinyusb/src/device/usbd.c.obj
 .bss.boot2_copyout_valid
                0x0000000020000f48        0x1 CMakeFiles/blink.dir/mnt/c/Users/dongye/Desktop/pico/pico-sdk/src/rp2_common/hardware_flash/flash.c.obj
 .bss.claimed   0x0000000020000f49        0x1 CMakeFiles/blink.dir/mnt/c/Users/dongye/Desktop/pico/pico-sdk/src/rp2_common/hardware_timer/timer.c.obj
 .bss.irq_hander_chain_free_slot_head
                0x0000000020000f4a        0x1 CMakeFiles/blink.dir/mnt/c/Users/dongye/Desktop/pico/pico-sdk/src/rp2_common/hardware_irq/irq.c.obj
 .bss.itf_num   0x0000000020000f4b        0x1 CMakeFiles/blink.dir/mnt/c/Users/dongye/Desktop/pico/pico-sdk/src/rp2_common/pico_stdio_usb/reset_interface.c.obj
 .bss.low_priority_irq_num
                0x0000000020000f4c        0x1 CMakeFiles/blink.dir/mnt/c/Users/dongye/Desktop/pico/pico-sdk/src/rp2_common/pico_stdio_usb/stdio_usb.c.obj
 .bss.timer_callbacks_pending
                0x0000000020000f4d        0x1 CMakeFiles/blink.dir/mnt/c/Users/dongye/Desktop/pico/pico-sdk/src/rp2_common/hardware_timer/timer.c.obj
 *(COMMON)
 *fill*         0x0000000020000f4e        0x2 
 COMMON         0x0000000020000f50      0x100 CMakeFiles/blink.dir/mnt/c/Users/dongye/Desktop/pico/pico-sdk/src/rp2_common/pico_double/double_init_rom.c.obj
                0x0000000020000f50                sd_table
 COMMON         0x0000000020001050      0x100 CMakeFiles/blink.dir/mnt/c/Users/dongye/Desktop/pico/pico-sdk/src/rp2_common/pico_float/float_init_rom.c.obj
                0x0000000020001050                sf_table
 COMMON         0x0000000020001150       0xc0 CMakeFiles/blink.dir/mnt/c/Users/dongye/Desktop/pico/pico-sdk/lib/tinyusb/src/device/usbd.c.obj
                0x0000000020001150                _usbd_qdef_buf
                0x0000000020001210                . = ALIGN (0x4)
                0x0000000020001210                __bss_end__ = .

.heap           0x0000000020001210      0x800
                0x0000000020001210                __end__ = .
                0x0000000020001210                end = __end__
 *(.heap*)
 .heap          0x0000000020001210      0x800 CMakeFiles/blink.dir/mnt/c/Users/dongye/Desktop/pico/pico-sdk/src/rp2_common/pico_standard_link/crt0.S.obj
                0x0000000020001a10                __HeapLimit = .

.stack1_dummy   0x0000000020040000        0x0
 *(.stack1*)

.stack_dummy    0x0000000020041000      0x800
 *(.stack*)
 .stack         0x0000000020041000      0x800 CMakeFiles/blink.dir/mnt/c/Users/dongye/Desktop/pico/pico-sdk/src/rp2_common/pico_standard_link/crt0.S.obj

.flash_end      0x0000000010005a0c        0x0
                0x0000000010005a0c                __flash_binary_end = .
                0x0000000020040000                __StackLimit = (ORIGIN (RAM) + LENGTH (RAM))
                0x0000000020041000                __StackOneTop = (ORIGIN (SCRATCH_X) + LENGTH (SCRATCH_X))
                0x0000000020042000                __StackTop = (ORIGIN (SCRATCH_Y) + LENGTH (SCRATCH_Y))
                0x0000000020041000                __StackOneBottom = (__StackOneTop - SIZEOF (.stack1_dummy))
                0x0000000020041800                __StackBottom = (__StackTop - SIZEOF (.stack_dummy))
                0x0000000020042000                PROVIDE (__stack = __StackTop)
                0x0000000000000001                ASSERT ((__StackLimit >= __HeapLimit), region RAM overflowed)
                0x0000000000000001                ASSERT (((__binary_info_header_end - __logical_binary_start) <= 0x100), Binary info must be in first 256 bytes of the binary)
LOAD CMakeFiles/blink.dir/main.c.obj
LOAD CMakeFiles/blink.dir/mnt/c/Users/dongye/Desktop/pico/pico-sdk/src/rp2_common/pico_stdlib/stdlib.c.obj
LOAD CMakeFiles/blink.dir/mnt/c/Users/dongye/Desktop/pico/pico-sdk/src/rp2_common/hardware_gpio/gpio.c.obj
LOAD CMakeFiles/blink.dir/mnt/c/Users/dongye/Desktop/pico/pico-sdk/src/rp2_common/hardware_claim/claim.c.obj
LOAD CMakeFiles/blink.dir/mnt/c/Users/dongye/Desktop/pico/pico-sdk/src/rp2_common/pico_platform/platform.c.obj
LOAD CMakeFiles/blink.dir/mnt/c/Users/dongye/Desktop/pico/pico-sdk/src/rp2_common/hardware_sync/sync.c.obj
LOAD CMakeFiles/blink.dir/mnt/c/Users/dongye/Desktop/pico/pico-sdk/src/rp2_common/hardware_irq/irq.c.obj
LOAD CMakeFiles/blink.dir/mnt/c/Users/dongye/Desktop/pico/pico-sdk/src/rp2_common/hardware_irq/irq_handler_chain.S.obj
LOAD CMakeFiles/blink.dir/mnt/c/Users/dongye/Desktop/pico/pico-sdk/src/common/pico_sync/sem.c.obj
LOAD CMakeFiles/blink.dir/mnt/c/Users/dongye/Desktop/pico/pico-sdk/src/common/pico_sync/lock_core.c.obj
LOAD CMakeFiles/blink.dir/mnt/c/Users/dongye/Desktop/pico/pico-sdk/src/common/pico_time/time.c.obj
LOAD CMakeFiles/blink.dir/mnt/c/Users/dongye/Desktop/pico/pico-sdk/src/common/pico_time/timeout_helper.c.obj
LOAD CMakeFiles/blink.dir/mnt/c/Users/dongye/Desktop/pico/pico-sdk/src/rp2_common/hardware_timer/timer.c.obj
LOAD CMakeFiles/blink.dir/mnt/c/Users/dongye/Desktop/pico/pico-sdk/src/common/pico_util/datetime.c.obj
LOAD CMakeFiles/blink.dir/mnt/c/Users/dongye/Desktop/pico/pico-sdk/src/common/pico_util/pheap.c.obj
LOAD CMakeFiles/blink.dir/mnt/c/Users/dongye/Desktop/pico/pico-sdk/src/common/pico_util/queue.c.obj
LOAD CMakeFiles/blink.dir/mnt/c/Users/dongye/Desktop/pico/pico-sdk/src/common/pico_sync/mutex.c.obj
LOAD CMakeFiles/blink.dir/mnt/c/Users/dongye/Desktop/pico/pico-sdk/src/common/pico_sync/critical_section.c.obj
LOAD CMakeFiles/blink.dir/mnt/c/Users/dongye/Desktop/pico/pico-sdk/src/rp2_common/hardware_uart/uart.c.obj
LOAD CMakeFiles/blink.dir/mnt/c/Users/dongye/Desktop/pico/pico-sdk/src/rp2_common/hardware_divider/divider.S.obj
LOAD CMakeFiles/blink.dir/mnt/c/Users/dongye/Desktop/pico/pico-sdk/src/rp2_common/pico_runtime/runtime.c.obj
LOAD CMakeFiles/blink.dir/mnt/c/Users/dongye/Desktop/pico/pico-sdk/src/rp2_common/hardware_clocks/clocks.c.obj
LOAD CMakeFiles/blink.dir/mnt/c/Users/dongye/Desktop/pico/pico-sdk/src/rp2_common/hardware_pll/pll.c.obj
LOAD CMakeFiles/blink.dir/mnt/c/Users/dongye/Desktop/pico/pico-sdk/src/rp2_common/hardware_vreg/vreg.c.obj
LOAD CMakeFiles/blink.dir/mnt/c/Users/dongye/Desktop/pico/pico-sdk/src/rp2_common/hardware_watchdog/watchdog.c.obj
LOAD CMakeFiles/blink.dir/mnt/c/Users/dongye/Desktop/pico/pico-sdk/src/rp2_common/hardware_xosc/xosc.c.obj
LOAD CMakeFiles/blink.dir/mnt/c/Users/dongye/Desktop/pico/pico-sdk/src/rp2_common/pico_printf/printf.c.obj
LOAD CMakeFiles/blink.dir/mnt/c/Users/dongye/Desktop/pico/pico-sdk/src/rp2_common/pico_bit_ops/bit_ops_aeabi.S.obj
LOAD CMakeFiles/blink.dir/mnt/c/Users/dongye/Desktop/pico/pico-sdk/src/rp2_common/pico_bootrom/bootrom.c.obj
LOAD CMakeFiles/blink.dir/mnt/c/Users/dongye/Desktop/pico/pico-sdk/src/rp2_common/pico_divider/divider.S.obj
LOAD CMakeFiles/blink.dir/mnt/c/Users/dongye/Desktop/pico/pico-sdk/src/rp2_common/pico_double/double_aeabi.S.obj
LOAD CMakeFiles/blink.dir/mnt/c/Users/dongye/Desktop/pico/pico-sdk/src/rp2_common/pico_double/double_init_rom.c.obj
LOAD CMakeFiles/blink.dir/mnt/c/Users/dongye/Desktop/pico/pico-sdk/src/rp2_common/pico_double/double_math.c.obj
LOAD CMakeFiles/blink.dir/mnt/c/Users/dongye/Desktop/pico/pico-sdk/src/rp2_common/pico_double/double_v1_rom_shim.S.obj
LOAD CMakeFiles/blink.dir/mnt/c/Users/dongye/Desktop/pico/pico-sdk/src/rp2_common/pico_int64_ops/pico_int64_ops_aeabi.S.obj
LOAD CMakeFiles/blink.dir/mnt/c/Users/dongye/Desktop/pico/pico-sdk/src/rp2_common/pico_float/float_aeabi.S.obj
LOAD CMakeFiles/blink.dir/mnt/c/Users/dongye/Desktop/pico/pico-sdk/src/rp2_common/pico_float/float_init_rom.c.obj
LOAD CMakeFiles/blink.dir/mnt/c/Users/dongye/Desktop/pico/pico-sdk/src/rp2_common/pico_float/float_math.c.obj
LOAD CMakeFiles/blink.dir/mnt/c/Users/dongye/Desktop/pico/pico-sdk/src/rp2_common/pico_float/float_v1_rom_shim.S.obj
LOAD CMakeFiles/blink.dir/mnt/c/Users/dongye/Desktop/pico/pico-sdk/src/rp2_common/pico_malloc/pico_malloc.c.obj
LOAD CMakeFiles/blink.dir/mnt/c/Users/dongye/Desktop/pico/pico-sdk/src/rp2_common/pico_mem_ops/mem_ops_aeabi.S.obj
LOAD CMakeFiles/blink.dir/mnt/c/Users/dongye/Desktop/pico/pico-sdk/src/rp2_common/pico_standard_link/crt0.S.obj
LOAD CMakeFiles/blink.dir/mnt/c/Users/dongye/Desktop/pico/pico-sdk/src/rp2_common/pico_standard_link/new_delete.cpp.obj
LOAD CMakeFiles/blink.dir/mnt/c/Users/dongye/Desktop/pico/pico-sdk/src/rp2_common/pico_standard_link/binary_info.c.obj
LOAD CMakeFiles/blink.dir/mnt/c/Users/dongye/Desktop/pico/pico-sdk/src/rp2_common/pico_stdio/stdio.c.obj
LOAD CMakeFiles/blink.dir/mnt/c/Users/dongye/Desktop/pico/pico-sdk/src/rp2_common/pico_stdio_usb/reset_interface.c.obj
LOAD CMakeFiles/blink.dir/mnt/c/Users/dongye/Desktop/pico/pico-sdk/src/rp2_common/pico_stdio_usb/stdio_usb.c.obj
LOAD CMakeFiles/blink.dir/mnt/c/Users/dongye/Desktop/pico/pico-sdk/src/rp2_common/pico_stdio_usb/stdio_usb_descriptors.c.obj
LOAD CMakeFiles/blink.dir/mnt/c/Users/dongye/Desktop/pico/pico-sdk/lib/tinyusb/src/portable/raspberrypi/rp2040/dcd_rp2040.c.obj
LOAD CMakeFiles/blink.dir/mnt/c/Users/dongye/Desktop/pico/pico-sdk/lib/tinyusb/src/portable/raspberrypi/rp2040/rp2040_usb.c.obj
LOAD CMakeFiles/blink.dir/mnt/c/Users/dongye/Desktop/pico/pico-sdk/lib/tinyusb/src/device/usbd.c.obj
LOAD CMakeFiles/blink.dir/mnt/c/Users/dongye/Desktop/pico/pico-sdk/lib/tinyusb/src/device/usbd_control.c.obj
LOAD CMakeFiles/blink.dir/mnt/c/Users/dongye/Desktop/pico/pico-sdk/lib/tinyusb/src/class/audio/audio_device.c.obj
LOAD CMakeFiles/blink.dir/mnt/c/Users/dongye/Desktop/pico/pico-sdk/lib/tinyusb/src/class/cdc/cdc_device.c.obj
LOAD CMakeFiles/blink.dir/mnt/c/Users/dongye/Desktop/pico/pico-sdk/lib/tinyusb/src/class/dfu/dfu_device.c.obj
LOAD CMakeFiles/blink.dir/mnt/c/Users/dongye/Desktop/pico/pico-sdk/lib/tinyusb/src/class/dfu/dfu_rt_device.c.obj
LOAD CMakeFiles/blink.dir/mnt/c/Users/dongye/Desktop/pico/pico-sdk/lib/tinyusb/src/class/hid/hid_device.c.obj
LOAD CMakeFiles/blink.dir/mnt/c/Users/dongye/Desktop/pico/pico-sdk/lib/tinyusb/src/class/midi/midi_device.c.obj
LOAD CMakeFiles/blink.dir/mnt/c/Users/dongye/Desktop/pico/pico-sdk/lib/tinyusb/src/class/msc/msc_device.c.obj
LOAD CMakeFiles/blink.dir/mnt/c/Users/dongye/Desktop/pico/pico-sdk/lib/tinyusb/src/class/net/ecm_rndis_device.c.obj
LOAD CMakeFiles/blink.dir/mnt/c/Users/dongye/Desktop/pico/pico-sdk/lib/tinyusb/src/class/net/ncm_device.c.obj
LOAD CMakeFiles/blink.dir/mnt/c/Users/dongye/Desktop/pico/pico-sdk/lib/tinyusb/src/class/usbtmc/usbtmc_device.c.obj
LOAD CMakeFiles/blink.dir/mnt/c/Users/dongye/Desktop/pico/pico-sdk/lib/tinyusb/src/class/vendor/vendor_device.c.obj
LOAD CMakeFiles/blink.dir/mnt/c/Users/dongye/Desktop/pico/pico-sdk/lib/tinyusb/src/class/video/video_device.c.obj
LOAD CMakeFiles/blink.dir/mnt/c/Users/dongye/Desktop/pico/pico-sdk/lib/tinyusb/src/tusb.c.obj
LOAD CMakeFiles/blink.dir/mnt/c/Users/dongye/Desktop/pico/pico-sdk/lib/tinyusb/src/common/tusb_fifo.c.obj
LOAD CMakeFiles/blink.dir/mnt/c/Users/dongye/Desktop/pico/pico-sdk/src/rp2_common/pico_fix/rp2040_usb_device_enumeration/rp2040_usb_device_enumeration.c.obj
LOAD CMakeFiles/blink.dir/mnt/c/Users/dongye/Desktop/pico/pico-sdk/src/rp2_common/pico_unique_id/unique_id.c.obj
LOAD CMakeFiles/blink.dir/mnt/c/Users/dongye/Desktop/pico/pico-sdk/src/rp2_common/hardware_flash/flash.c.obj
LOAD CMakeFiles/blink.dir/mnt/c/Users/dongye/Desktop/pico/pico-sdk/src/rp2_common/hardware_pio/pio.c.obj
LOAD /tmp/ccr7sKcl.o
LOAD /usr/lib/gcc/arm-none-eabi/9.2.1/../../../arm-none-eabi/lib/thumb/v6-m/nofp/libstdc++.a
LOAD /usr/lib/gcc/arm-none-eabi/9.2.1/../../../arm-none-eabi/lib/thumb/v6-m/nofp/libm.a
START GROUP
LOAD /usr/lib/gcc/arm-none-eabi/9.2.1/thumb/v6-m/nofp/libgcc.a
LOAD /usr/lib/gcc/arm-none-eabi/9.2.1/../../../arm-none-eabi/lib/thumb/v6-m/nofp/libc.a
END GROUP
START GROUP
LOAD /usr/lib/gcc/arm-none-eabi/9.2.1/thumb/v6-m/nofp/libgcc.a
LOAD /usr/lib/gcc/arm-none-eabi/9.2.1/../../../arm-none-eabi/lib/thumb/v6-m/nofp/libc.a
LOAD /usr/lib/gcc/arm-none-eabi/9.2.1/../../../arm-none-eabi/lib/thumb/v6-m/nofp/libnosys.a
END GROUP
LOAD /usr/lib/gcc/arm-none-eabi/9.2.1/thumb/v6-m/nofp/crtend.o
LOAD /usr/lib/gcc/arm-none-eabi/9.2.1/thumb/v6-m/nofp/crtn.o
OUTPUT(blink.elf elf32-littlearm)
LOAD linker stubs

.ARM.attributes
                0x0000000000000000       0x28
 .ARM.attributes
                0x0000000000000000       0x1e /usr/lib/gcc/arm-none-eabi/9.2.1/thumb/v6-m/nofp/crti.o
 .ARM.attributes
                0x000000000000001e       0x2c /usr/lib/gcc/arm-none-eabi/9.2.1/thumb/v6-m/nofp/crtbegin.o
 .ARM.attributes
                0x000000000000004a       0x2c CMakeFiles/blink.dir/main.c.obj
 .ARM.attributes
                0x0000000000000076       0x2c CMakeFiles/blink.dir/mnt/c/Users/dongye/Desktop/pico/pico-sdk/src/rp2_common/hardware_gpio/gpio.c.obj
 .ARM.attributes
                0x00000000000000a2       0x2c CMakeFiles/blink.dir/mnt/c/Users/dongye/Desktop/pico/pico-sdk/src/rp2_common/hardware_claim/claim.c.obj
 .ARM.attributes
                0x00000000000000ce       0x2c CMakeFiles/blink.dir/mnt/c/Users/dongye/Desktop/pico/pico-sdk/src/rp2_common/pico_platform/platform.c.obj
 .ARM.attributes
                0x00000000000000fa       0x2c CMakeFiles/blink.dir/mnt/c/Users/dongye/Desktop/pico/pico-sdk/src/rp2_common/hardware_sync/sync.c.obj
 .ARM.attributes
                0x0000000000000126       0x2c CMakeFiles/blink.dir/mnt/c/Users/dongye/Desktop/pico/pico-sdk/src/rp2_common/hardware_irq/irq.c.obj
 .ARM.attributes
                0x0000000000000152       0x22 CMakeFiles/blink.dir/mnt/c/Users/dongye/Desktop/pico/pico-sdk/src/rp2_common/hardware_irq/irq_handler_chain.S.obj
 .ARM.attributes
                0x0000000000000174       0x2c CMakeFiles/blink.dir/mnt/c/Users/dongye/Desktop/pico/pico-sdk/src/common/pico_sync/lock_core.c.obj
 .ARM.attributes
                0x00000000000001a0       0x2c CMakeFiles/blink.dir/mnt/c/Users/dongye/Desktop/pico/pico-sdk/src/common/pico_time/time.c.obj
 .ARM.attributes
                0x00000000000001cc       0x2c CMakeFiles/blink.dir/mnt/c/Users/dongye/Desktop/pico/pico-sdk/src/rp2_common/hardware_timer/timer.c.obj
 .ARM.attributes
                0x00000000000001f8       0x2c CMakeFiles/blink.dir/mnt/c/Users/dongye/Desktop/pico/pico-sdk/src/common/pico_util/pheap.c.obj
 .ARM.attributes
                0x0000000000000224       0x2c CMakeFiles/blink.dir/mnt/c/Users/dongye/Desktop/pico/pico-sdk/src/common/pico_sync/mutex.c.obj
 .ARM.attributes
                0x0000000000000250       0x2c CMakeFiles/blink.dir/mnt/c/Users/dongye/Desktop/pico/pico-sdk/src/common/pico_sync/critical_section.c.obj
 .ARM.attributes
                0x000000000000027c       0x2c CMakeFiles/blink.dir/mnt/c/Users/dongye/Desktop/pico/pico-sdk/src/rp2_common/pico_runtime/runtime.c.obj
 .ARM.attributes
                0x00000000000002a8       0x2c CMakeFiles/blink.dir/mnt/c/Users/dongye/Desktop/pico/pico-sdk/src/rp2_common/hardware_clocks/clocks.c.obj
 .ARM.attributes
                0x00000000000002d4       0x2c CMakeFiles/blink.dir/mnt/c/Users/dongye/Desktop/pico/pico-sdk/src/rp2_common/hardware_pll/pll.c.obj
 .ARM.attributes
                0x0000000000000300       0x2c CMakeFiles/blink.dir/mnt/c/Users/dongye/Desktop/pico/pico-sdk/src/rp2_common/hardware_watchdog/watchdog.c.obj
 .ARM.attributes
                0x000000000000032c       0x2c CMakeFiles/blink.dir/mnt/c/Users/dongye/Desktop/pico/pico-sdk/src/rp2_common/hardware_xosc/xosc.c.obj
 .ARM.attributes
                0x0000000000000358       0x2c CMakeFiles/blink.dir/mnt/c/Users/dongye/Desktop/pico/pico-sdk/src/rp2_common/pico_printf/printf.c.obj
 .ARM.attributes
                0x0000000000000384       0x22 CMakeFiles/blink.dir/mnt/c/Users/dongye/Desktop/pico/pico-sdk/src/rp2_common/pico_bit_ops/bit_ops_aeabi.S.obj
 .ARM.attributes
                0x00000000000003a6       0x2c CMakeFiles/blink.dir/mnt/c/Users/dongye/Desktop/pico/pico-sdk/src/rp2_common/pico_bootrom/bootrom.c.obj
 .ARM.attributes
                0x00000000000003d2       0x22 CMakeFiles/blink.dir/mnt/c/Users/dongye/Desktop/pico/pico-sdk/src/rp2_common/pico_divider/divider.S.obj
 .ARM.attributes
                0x00000000000003f4       0x22 CMakeFiles/blink.dir/mnt/c/Users/dongye/Desktop/pico/pico-sdk/src/rp2_common/pico_double/double_aeabi.S.obj
 .ARM.attributes
                0x0000000000000416       0x2c CMakeFiles/blink.dir/mnt/c/Users/dongye/Desktop/pico/pico-sdk/src/rp2_common/pico_double/double_init_rom.c.obj
 .ARM.attributes
                0x0000000000000442       0x22 CMakeFiles/blink.dir/mnt/c/Users/dongye/Desktop/pico/pico-sdk/src/rp2_common/pico_double/double_v1_rom_shim.S.obj
 .ARM.attributes
                0x0000000000000464       0x22 CMakeFiles/blink.dir/mnt/c/Users/dongye/Desktop/pico/pico-sdk/src/rp2_common/pico_int64_ops/pico_int64_ops_aeabi.S.obj
 .ARM.attributes
                0x0000000000000486       0x22 CMakeFiles/blink.dir/mnt/c/Users/dongye/Desktop/pico/pico-sdk/src/rp2_common/pico_float/float_aeabi.S.obj
 .ARM.attributes
                0x00000000000004a8       0x2c CMakeFiles/blink.dir/mnt/c/Users/dongye/Desktop/pico/pico-sdk/src/rp2_common/pico_float/float_init_rom.c.obj
 .ARM.attributes
                0x00000000000004d4       0x22 CMakeFiles/blink.dir/mnt/c/Users/dongye/Desktop/pico/pico-sdk/src/rp2_common/pico_float/float_v1_rom_shim.S.obj
 .ARM.attributes
                0x00000000000004f6       0x22 CMakeFiles/blink.dir/mnt/c/Users/dongye/Desktop/pico/pico-sdk/src/rp2_common/pico_mem_ops/mem_ops_aeabi.S.obj
 .ARM.attributes
                0x0000000000000518       0x22 CMakeFiles/blink.dir/mnt/c/Users/dongye/Desktop/pico/pico-sdk/src/rp2_common/pico_standard_link/crt0.S.obj
 .ARM.attributes
                0x000000000000053a       0x32 CMakeFiles/blink.dir/mnt/c/Users/dongye/Desktop/pico/pico-sdk/src/rp2_common/pico_standard_link/binary_info.c.obj
 .ARM.attributes
                0x000000000000056c       0x2c CMakeFiles/blink.dir/mnt/c/Users/dongye/Desktop/pico/pico-sdk/src/rp2_common/pico_stdio/stdio.c.obj
 .ARM.attributes
                0x0000000000000598       0x2c CMakeFiles/blink.dir/mnt/c/Users/dongye/Desktop/pico/pico-sdk/src/rp2_common/pico_stdio_usb/reset_interface.c.obj
 .ARM.attributes
                0x00000000000005c4       0x2c CMakeFiles/blink.dir/mnt/c/Users/dongye/Desktop/pico/pico-sdk/src/rp2_common/pico_stdio_usb/stdio_usb.c.obj
 .ARM.attributes
                0x00000000000005f0       0x2c CMakeFiles/blink.dir/mnt/c/Users/dongye/Desktop/pico/pico-sdk/src/rp2_common/pico_stdio_usb/stdio_usb_descriptors.c.obj
 .ARM.attributes
                0x000000000000061c       0x2c CMakeFiles/blink.dir/mnt/c/Users/dongye/Desktop/pico/pico-sdk/lib/tinyusb/src/portable/raspberrypi/rp2040/dcd_rp2040.c.obj
 .ARM.attributes
                0x0000000000000648       0x2c CMakeFiles/blink.dir/mnt/c/Users/dongye/Desktop/pico/pico-sdk/lib/tinyusb/src/portable/raspberrypi/rp2040/rp2040_usb.c.obj
 .ARM.attributes
                0x0000000000000674       0x2c CMakeFiles/blink.dir/mnt/c/Users/dongye/Desktop/pico/pico-sdk/lib/tinyusb/src/device/usbd.c.obj
 .ARM.attributes
                0x00000000000006a0       0x2c CMakeFiles/blink.dir/mnt/c/Users/dongye/Desktop/pico/pico-sdk/lib/tinyusb/src/device/usbd_control.c.obj
 .ARM.attributes
                0x00000000000006cc       0x2c CMakeFiles/blink.dir/mnt/c/Users/dongye/Desktop/pico/pico-sdk/lib/tinyusb/src/class/cdc/cdc_device.c.obj
 .ARM.attributes
                0x00000000000006f8       0x2c CMakeFiles/blink.dir/mnt/c/Users/dongye/Desktop/pico/pico-sdk/lib/tinyusb/src/tusb.c.obj
 .ARM.attributes
                0x0000000000000724       0x2c CMakeFiles/blink.dir/mnt/c/Users/dongye/Desktop/pico/pico-sdk/lib/tinyusb/src/common/tusb_fifo.c.obj
 .ARM.attributes
                0x0000000000000750       0x2c CMakeFiles/blink.dir/mnt/c/Users/dongye/Desktop/pico/pico-sdk/src/rp2_common/pico_unique_id/unique_id.c.obj
 .ARM.attributes
                0x000000000000077c       0x2c CMakeFiles/blink.dir/mnt/c/Users/dongye/Desktop/pico/pico-sdk/src/rp2_common/hardware_flash/flash.c.obj
 .ARM.attributes
                0x00000000000007a8       0x2c CMakeFiles/blink.dir/mnt/c/Users/dongye/Desktop/pico/pico-sdk/src/rp2_common/hardware_pio/pio.c.obj
 .ARM.attributes
                0x00000000000007d4       0x22 /tmp/ccr7sKcl.o
 .ARM.attributes
                0x00000000000007f6       0x1e /usr/lib/gcc/arm-none-eabi/9.2.1/thumb/v6-m/nofp/libgcc.a(_dvmd_tls.o)
 .ARM.attributes
                0x0000000000000814       0x2c /usr/lib/gcc/arm-none-eabi/9.2.1/../../../arm-none-eabi/lib/thumb/v6-m/nofp/libc.a(lib_a-strlen-stub.o)
 .ARM.attributes
                0x0000000000000840       0x2c /usr/lib/gcc/arm-none-eabi/9.2.1/thumb/v6-m/nofp/crtend.o

.comment        0x0000000000000000       0xa7
 .comment       0x0000000000000000       0x59 /usr/lib/gcc/arm-none-eabi/9.2.1/thumb/v6-m/nofp/crtbegin.o
                                         0x5a (size before relaxing)
 .comment       0x0000000000000059       0x5a CMakeFiles/blink.dir/main.c.obj
 .comment       0x0000000000000059       0x5a CMakeFiles/blink.dir/mnt/c/Users/dongye/Desktop/pico/pico-sdk/src/rp2_common/hardware_gpio/gpio.c.obj
 .comment       0x0000000000000059       0x5a CMakeFiles/blink.dir/mnt/c/Users/dongye/Desktop/pico/pico-sdk/src/rp2_common/hardware_claim/claim.c.obj
 .comment       0x0000000000000059       0x5a CMakeFiles/blink.dir/mnt/c/Users/dongye/Desktop/pico/pico-sdk/src/rp2_common/pico_platform/platform.c.obj
 .comment       0x0000000000000059       0x5a CMakeFiles/blink.dir/mnt/c/Users/dongye/Desktop/pico/pico-sdk/src/rp2_common/hardware_sync/sync.c.obj
 .comment       0x0000000000000059       0x5a CMakeFiles/blink.dir/mnt/c/Users/dongye/Desktop/pico/pico-sdk/src/rp2_common/hardware_irq/irq.c.obj
 .comment       0x0000000000000059       0x5a CMakeFiles/blink.dir/mnt/c/Users/dongye/Desktop/pico/pico-sdk/src/common/pico_sync/lock_core.c.obj
 .comment       0x0000000000000059       0x5a CMakeFiles/blink.dir/mnt/c/Users/dongye/Desktop/pico/pico-sdk/src/common/pico_time/time.c.obj
 .comment       0x0000000000000059       0x5a CMakeFiles/blink.dir/mnt/c/Users/dongye/Desktop/pico/pico-sdk/src/rp2_common/hardware_timer/timer.c.obj
 .comment       0x0000000000000059       0x5a CMakeFiles/blink.dir/mnt/c/Users/dongye/Desktop/pico/pico-sdk/src/common/pico_util/pheap.c.obj
 .comment       0x0000000000000059       0x5a CMakeFiles/blink.dir/mnt/c/Users/dongye/Desktop/pico/pico-sdk/src/common/pico_sync/mutex.c.obj
 .comment       0x0000000000000059       0x5a CMakeFiles/blink.dir/mnt/c/Users/dongye/Desktop/pico/pico-sdk/src/common/pico_sync/critical_section.c.obj
 .comment       0x0000000000000059       0x5a CMakeFiles/blink.dir/mnt/c/Users/dongye/Desktop/pico/pico-sdk/src/rp2_common/pico_runtime/runtime.c.obj
 .comment       0x0000000000000059       0x5a CMakeFiles/blink.dir/mnt/c/Users/dongye/Desktop/pico/pico-sdk/src/rp2_common/hardware_clocks/clocks.c.obj
 .comment       0x0000000000000059       0x5a CMakeFiles/blink.dir/mnt/c/Users/dongye/Desktop/pico/pico-sdk/src/rp2_common/hardware_pll/pll.c.obj
 .comment       0x0000000000000059       0x5a CMakeFiles/blink.dir/mnt/c/Users/dongye/Desktop/pico/pico-sdk/src/rp2_common/hardware_watchdog/watchdog.c.obj
 .comment       0x0000000000000059       0x5a CMakeFiles/blink.dir/mnt/c/Users/dongye/Desktop/pico/pico-sdk/src/rp2_common/hardware_xosc/xosc.c.obj
 .comment       0x0000000000000059       0x5a CMakeFiles/blink.dir/mnt/c/Users/dongye/Desktop/pico/pico-sdk/src/rp2_common/pico_printf/printf.c.obj
 .comment       0x0000000000000059       0x5a CMakeFiles/blink.dir/mnt/c/Users/dongye/Desktop/pico/pico-sdk/src/rp2_common/pico_bootrom/bootrom.c.obj
 .comment       0x0000000000000059       0x5a CMakeFiles/blink.dir/mnt/c/Users/dongye/Desktop/pico/pico-sdk/src/rp2_common/pico_double/double_init_rom.c.obj
 .comment       0x0000000000000059       0x5a CMakeFiles/blink.dir/mnt/c/Users/dongye/Desktop/pico/pico-sdk/src/rp2_common/pico_float/float_init_rom.c.obj
 .comment       0x0000000000000059       0x5a CMakeFiles/blink.dir/mnt/c/Users/dongye/Desktop/pico/pico-sdk/src/rp2_common/pico_standard_link/binary_info.c.obj
 .comment       0x0000000000000059       0x5a CMakeFiles/blink.dir/mnt/c/Users/dongye/Desktop/pico/pico-sdk/src/rp2_common/pico_stdio/stdio.c.obj
 .comment       0x0000000000000059       0x5a CMakeFiles/blink.dir/mnt/c/Users/dongye/Desktop/pico/pico-sdk/src/rp2_common/pico_stdio_usb/reset_interface.c.obj
 .comment       0x0000000000000059       0x5a CMakeFiles/blink.dir/mnt/c/Users/dongye/Desktop/pico/pico-sdk/src/rp2_common/pico_stdio_usb/stdio_usb.c.obj
 .comment       0x0000000000000059       0x5a CMakeFiles/blink.dir/mnt/c/Users/dongye/Desktop/pico/pico-sdk/src/rp2_common/pico_stdio_usb/stdio_usb_descriptors.c.obj
 .comment       0x0000000000000059       0x5a CMakeFiles/blink.dir/mnt/c/Users/dongye/Desktop/pico/pico-sdk/lib/tinyusb/src/portable/raspberrypi/rp2040/dcd_rp2040.c.obj